---
source: crates/salvo-syntax/tests/parser_tests.rs
expression: "parse_clean(&std_core(\"console.sv\"))"
---
Module {
    items: [
        Effect(
            EffectDecl {
                docs: [],
                name: Ident {
                    name: "Console",
                    span: 7..14,
                },
                generics: [],
                fns: [
                    FnDecl {
                        docs: [
                            "Prints to the console without emitting a newline",
                        ],
                        backing: None,
                        name: Ident {
                            name: "print",
                            span: 80..85,
                        },
                        generics: [],
                        generic_canbe: [],
                        derived_return: None,
                        params: [
                            Param {
                                name: Ident {
                                    name: "message",
                                    span: 86..93,
                                },
                                ty: Named {
                                    qualifiers: [],
                                    base: TypeRef {
                                        name: Ident {
                                            name: "Str",
                                            span: 95..98,
                                        },
                                        args: [],
                                        span: 95..98,
                                    },
                                },
                                variadic: false,
                                span: 86..98,
                            },
                        ],
                        effects: None,
                        deductions: Some(
                            [
                                Deduction {
                                    param: Ident {
                                        name: "message",
                                        span: 104..111,
                                    },
                                    kind: KeepAll,
                                    span: 104..111,
                                },
                            ],
                        ),
                        return_type: Some(
                            Named {
                                qualifiers: [],
                                base: TypeRef {
                                    name: Ident {
                                        name: "None",
                                        span: 113..117,
                                    },
                                    args: [],
                                    span: 113..117,
                                },
                            },
                        ),
                        constructs: None,
                        body: None,
                        span: 77..117,
                    },
                ],
                span: 0..119,
            },
        ),
        Handler(
            HandlerDecl {
                docs: [],
                backing: Some(
                    External,
                ),
                name: Ident {
                    name: "StdOutConsole",
                    span: 138..151,
                },
                generics: [],
                params: [],
                of: Named {
                    qualifiers: [],
                    base: TypeRef {
                        name: Ident {
                            name: "Console",
                            span: 155..162,
                        },
                        args: [],
                        span: 155..162,
                    },
                },
                state: [],
                fns: [],
                span: 130..162,
            },
        ),
        Fn(
            FnDecl {
                docs: [],
                backing: None,
                name: Ident {
                    name: "println",
                    span: 167..174,
                },
                generics: [],
                generic_canbe: [],
                derived_return: None,
                params: [
                    Param {
                        name: Ident {
                            name: "message",
                            span: 175..182,
                        },
                        ty: Named {
                            qualifiers: [],
                            base: TypeRef {
                                name: Ident {
                                    name: "Str",
                                    span: 184..187,
                                },
                                args: [],
                                span: 184..187,
                            },
                        },
                        variadic: false,
                        span: 175..187,
                    },
                ],
                effects: Some(
                    [
                        Effect(
                            TypeRef {
                                name: Ident {
                                    name: "Console",
                                    span: 190..197,
                                },
                                args: [],
                                span: 190..197,
                            },
                        ),
                    ],
                ),
                deductions: None,
                return_type: Some(
                    Named {
                        qualifiers: [],
                        base: TypeRef {
                            name: Ident {
                                name: "None",
                                span: 202..206,
                            },
                            args: [],
                            span: 202..206,
                        },
                    },
                ),
                constructs: None,
                body: Some(
                    Block {
                        stmts: [
                            Expr(
                                Call {
                                    callee: Ident(
                                        Ident {
                                            name: "print",
                                            span: 213..218,
                                        },
                                    ),
                                    type_args: [],
                                    args: [
                                        Ident(
                                            Ident {
                                                name: "message",
                                                span: 219..226,
                                            },
                                        ),
                                    ],
                                    span: 213..227,
                                },
                            ),
                            Expr(
                                Call {
                                    callee: Ident(
                                        Ident {
                                            name: "print",
                                            span: 232..237,
                                        },
                                    ),
                                    type_args: [],
                                    args: [
                                        Str {
                                            parts: [
                                                Text(
                                                    "\n",
                                                ),
                                            ],
                                            span: 238..242,
                                        },
                                    ],
                                    span: 232..243,
                                },
                            ),
                        ],
                        span: 207..245,
                    },
                ),
                span: 164..245,
            },
        ),
    ],
}
