---
source: crates/salvo-syntax/tests/parser_tests.rs
expression: "parse_clean(&std_core(\"string.sv\"))"
---
Module {
    items: [
        Type(
            TypeDecl {
                backing: Some(
                    Internal,
                ),
                name: Ident {
                    name: "Str",
                    span: 14..17,
                },
                generics: [],
                auto_qualifiers: [],
                alias: None,
                span: 9..17,
            },
        ),
        Fn(
            FnDecl {
                backing: Some(
                    External,
                ),
                name: Ident {
                    name: "size",
                    span: 81..85,
                },
                generics: [],
                generic_canbe: [],
                derived_return: None,
                params: [
                    Param {
                        name: Ident {
                            name: "str",
                            span: 86..89,
                        },
                        ty: Named {
                            qualifiers: [],
                            base: TypeRef {
                                name: Ident {
                                    name: "Str",
                                    span: 91..94,
                                },
                                args: [],
                                span: 91..94,
                            },
                        },
                        variadic: false,
                        span: 86..94,
                    },
                ],
                effects: Some(
                    [],
                ),
                deductions: Some(
                    [
                        Deduction {
                            param: Ident {
                                name: "str",
                                span: 103..106,
                            },
                            kind: KeepAll,
                            span: 103..106,
                        },
                    ],
                ),
                return_type: Some(
                    Named {
                        qualifiers: [],
                        base: TypeRef {
                            name: Ident {
                                name: "Int",
                                span: 108..111,
                            },
                            args: [],
                            span: 108..111,
                        },
                    },
                ),
                constructs: None,
                body: None,
                span: 78..111,
            },
        ),
        Fn(
            FnDecl {
                backing: Some(
                    External,
                ),
                name: Ident {
                    name: "char_at",
                    span: 223..230,
                },
                generics: [],
                generic_canbe: [],
                derived_return: None,
                params: [
                    Param {
                        name: Ident {
                            name: "str",
                            span: 231..234,
                        },
                        ty: Named {
                            qualifiers: [],
                            base: TypeRef {
                                name: Ident {
                                    name: "Str",
                                    span: 236..239,
                                },
                                args: [],
                                span: 236..239,
                            },
                        },
                        variadic: false,
                        span: 231..239,
                    },
                    Param {
                        name: Ident {
                            name: "index",
                            span: 241..246,
                        },
                        ty: Named {
                            qualifiers: [
                                TypeRef {
                                    name: Ident {
                                        name: "Positive",
                                        span: 248..256,
                                    },
                                    args: [],
                                    span: 248..256,
                                },
                            ],
                            base: TypeRef {
                                name: Ident {
                                    name: "Int",
                                    span: 257..260,
                                },
                                args: [],
                                span: 257..260,
                            },
                        },
                        variadic: false,
                        span: 241..260,
                    },
                ],
                effects: Some(
                    [],
                ),
                deductions: Some(
                    [
                        Deduction {
                            param: Ident {
                                name: "str",
                                span: 269..272,
                            },
                            kind: KeepAll,
                            span: 269..272,
                        },
                        Deduction {
                            param: Ident {
                                name: "index",
                                span: 274..279,
                            },
                            kind: KeepAll,
                            span: 274..279,
                        },
                    ],
                ),
                return_type: Some(
                    Nullable {
                        inner: Named {
                            qualifiers: [],
                            base: TypeRef {
                                name: Ident {
                                    name: "Char",
                                    span: 281..285,
                                },
                                args: [],
                                span: 281..285,
                            },
                        },
                        span: 281..286,
                    },
                ),
                constructs: None,
                body: None,
                span: 220..286,
            },
        ),
    ],
}
