---
source: crates/salvo-syntax/tests/parser_tests.rs
expression: "parse_clean(&std_core(\"bytes.sv\"))"
---
Module {
    items: [
        Type(
            TypeDecl {
                docs: [
                    "`Bytes`: a byte buffer, and the currency of every byte-shaped API in std.",
                    "",
                    "It exists because `List<Byte>` was the wrong shape for the job in two ways.",
                    "One is representation: a list of octets boxes every element on the JVM",
                    "(`UByte` is a value class with no box cache), and a specialized array cannot",
                    "be a `List<T>` there, so the honest byte buffer could not be a list at all",
                    "[kt-bytes]. The other is the surface: bytes want slicing, hex, a strict",
                    "UTF-8 decode and an in-place fill, and none of those belong on `List`.",
                    "",
                    "The two shapes, exactly as `Str` and `Mut Str`:",
                    "",
                    "  * `Bytes` is a buffer you read — `size`, `get`, `slice`, `index_of`,",
                    "    `to_str`, `to_hex`, `str_of_bytes`, and `for b in data`.",
                    "  * `Mut Bytes` is a buffer you build — `add`, `append`, `set`, `clear` —",
                    "    and it reaches the whole read surface by dropping its `Mut`, which",
                    "    costs nothing on either backend [bytes-type].",
                    "",
                    "That is what makes the fill-a-buffer reads work: one `Mut Bytes` is filled,",
                    "used and cleared for as long as a loop runs, instead of a fresh payload per",
                    "chunk [fs-read-to].",
                ],
                exported: true,
                intrinsic: true,
                linear: false,
                name: Ident {
                    name: "Bytes",
                    span: 1151..1156,
                },
                generics: [],
                generic_canbe: [],
                fn_slots: [],
                auto_qualifiers: [
                    TypeRef {
                        name: Ident {
                            name: "Mut",
                            span: 1163..1166,
                        },
                        args: [],
                        from: [],
                        at: None,
                        binder: false,
                        alias: None,
                        span: 1163..1166,
                    },
                ],
                alias: None,
                span: 1146..1166,
            },
        ),
        Fn(
            FnDecl {
                docs: [
                    "The bytes of [elems], in order: `bytes_of(to_byte(0), to_byte(255))`.",
                    "Bytes have no literal syntax — a `[...]` literal is a `List` [col-literal] —",
                    "so this is the constructor.",
                ],
                exported: true,
                intrinsic: true,
                is_iter: false,
                iter_state: [],
                is_send: false,
                name: Ident {
                    name: "bytes_of",
                    span: 1376..1384,
                },
                scoped_to: None,
                structural: false,
                generics: [],
                generic_canbe: [],
                derived_return: None,
                params: [
                    Param {
                        name: Ident {
                            name: "elems",
                            span: 1388..1393,
                        },
                        ty: Array {
                            elem: Named {
                                qualifiers: [],
                                base: TypeRef {
                                    name: Ident {
                                        name: "Byte",
                                        span: 1395..1399,
                                    },
                                    args: [],
                                    from: [],
                                    at: None,
                                    binder: false,
                                    alias: None,
                                    span: 1395..1399,
                                },
                            },
                            span: 1395..1401,
                        },
                        variadic: true,
                        implicit: false,
                        span: 1388..1401,
                    },
                ],
                implicit_groups: [],
                effects: Some(
                    [],
                ),
                deductions: None,
                return_type: Some(
                    Named {
                        qualifiers: [],
                        base: TypeRef {
                            name: Ident {
                                name: "Bytes",
                                span: 1409..1414,
                            },
                            args: [],
                            from: [],
                            at: None,
                            binder: false,
                            alias: None,
                            span: 1409..1414,
                        },
                    },
                ),
                constructs: None,
                body: None,
                span: 1373..1414,
            },
        ),
        Fn(
            FnDecl {
                docs: [
                    "A buffer under construction, holding [parts] concatenated in order.",
                    "`mut_bytes()` is the empty one, which is how a read buffer starts;",
                    "mutability is asked for here, mirroring [mut_str] and [mut_list_of].",
                ],
                exported: true,
                intrinsic: true,
                is_iter: false,
                iter_state: [],
                is_send: false,
                name: Ident {
                    name: "mut_bytes",
                    span: 1649..1658,
                },
                scoped_to: None,
                structural: false,
                generics: [],
                generic_canbe: [],
                derived_return: None,
                params: [
                    Param {
                        name: Ident {
                            name: "parts",
                            span: 1662..1667,
                        },
                        ty: Array {
                            elem: Named {
                                qualifiers: [],
                                base: TypeRef {
                                    name: Ident {
                                        name: "Bytes",
                                        span: 1669..1674,
                                    },
                                    args: [],
                                    from: [],
                                    at: None,
                                    binder: false,
                                    alias: None,
                                    span: 1669..1674,
                                },
                            },
                            span: 1669..1676,
                        },
                        variadic: true,
                        implicit: false,
                        span: 1662..1676,
                    },
                ],
                implicit_groups: [],
                effects: Some(
                    [],
                ),
                deductions: None,
                return_type: Some(
                    Named {
                        qualifiers: [
                            TypeRef {
                                name: Ident {
                                    name: "Mut",
                                    span: 1684..1687,
                                },
                                args: [],
                                from: [],
                                at: None,
                                binder: false,
                                alias: None,
                                span: 1684..1687,
                            },
                        ],
                        base: TypeRef {
                            name: Ident {
                                name: "Bytes",
                                span: 1688..1693,
                            },
                            args: [],
                            from: [],
                            at: None,
                            binder: false,
                            alias: None,
                            span: 1688..1693,
                        },
                    },
                ),
                constructs: None,
                body: None,
                span: 1646..1693,
            },
        ),
        Fn(
            FnDecl {
                docs: [
                    "The UTF-8 bytes of [str] — the encoding both backends agree on, and the one",
                    "[byte_size] counts.",
                ],
                exported: true,
                intrinsic: true,
                is_iter: false,
                iter_state: [],
                is_send: false,
                name: Ident {
                    name: "to_bytes",
                    span: 1819..1827,
                },
                scoped_to: None,
                structural: false,
                generics: [],
                generic_canbe: [],
                derived_return: None,
                params: [
                    Param {
                        name: Ident {
                            name: "str",
                            span: 1828..1831,
                        },
                        ty: Named {
                            qualifiers: [],
                            base: TypeRef {
                                name: Ident {
                                    name: "Str",
                                    span: 1833..1836,
                                },
                                args: [],
                                from: [],
                                at: None,
                                binder: false,
                                alias: None,
                                span: 1833..1836,
                            },
                        },
                        variadic: false,
                        implicit: false,
                        span: 1828..1836,
                    },
                ],
                implicit_groups: [],
                effects: Some(
                    [],
                ),
                deductions: Some(
                    [
                        Deduction {
                            target: Param {
                                name: Ident {
                                    name: "str",
                                    span: 1853..1856,
                                },
                                path: [],
                            },
                            kind: KeepAll,
                            span: 1853..1856,
                        },
                    ],
                ),
                return_type: Some(
                    Named {
                        qualifiers: [],
                        base: TypeRef {
                            name: Ident {
                                name: "Bytes",
                                span: 1844..1849,
                            },
                            args: [],
                            from: [],
                            at: None,
                            binder: false,
                            alias: None,
                            span: 1844..1849,
                        },
                    },
                ),
                constructs: None,
                body: None,
                span: 1816..1849,
            },
        ),
        Fn(
            FnDecl {
                docs: [
                    "The text [data] spells in UTF-8, or `None` when it is not valid UTF-8.",
                    "Decoding is **strict** on both backends — a malformed byte is `None`, never",
                    "a replacement character — which is the rule the filesystem's text reads",
                    "follow too [fs-bytes].",
                ],
                exported: true,
                intrinsic: true,
                is_iter: false,
                iter_state: [],
                is_send: false,
                name: Ident {
                    name: "str_of_bytes",
                    span: 2136..2148,
                },
                scoped_to: None,
                structural: false,
                generics: [],
                generic_canbe: [],
                derived_return: None,
                params: [
                    Param {
                        name: Ident {
                            name: "data",
                            span: 2149..2153,
                        },
                        ty: Named {
                            qualifiers: [],
                            base: TypeRef {
                                name: Ident {
                                    name: "Bytes",
                                    span: 2155..2160,
                                },
                                args: [],
                                from: [],
                                at: None,
                                binder: false,
                                alias: None,
                                span: 2155..2160,
                            },
                        },
                        variadic: false,
                        implicit: false,
                        span: 2149..2160,
                    },
                ],
                implicit_groups: [],
                effects: Some(
                    [],
                ),
                deductions: Some(
                    [
                        Deduction {
                            target: Param {
                                name: Ident {
                                    name: "data",
                                    span: 2176..2180,
                                },
                                path: [],
                            },
                            kind: KeepAll,
                            span: 2176..2180,
                        },
                    ],
                ),
                return_type: Some(
                    Nullable {
                        inner: Named {
                            qualifiers: [],
                            base: TypeRef {
                                name: Ident {
                                    name: "Str",
                                    span: 2168..2171,
                                },
                                args: [],
                                from: [],
                                at: None,
                                binder: false,
                                alias: None,
                                span: 2168..2171,
                            },
                        },
                        span: 2168..2172,
                    },
                ),
                constructs: None,
                body: None,
                span: 2133..2172,
            },
        ),
        Fn(
            FnDecl {
                docs: [
                    "[cmp-canonical] [op-equality] The canonical equality for a buffer:",
                    "**structural**, byte for byte, which is what `==` on two `Bytes` means.",
                    "Declared here, `@`-scoped to the type, so it travels with `Bytes` wherever",
                    "the type does.",
                ],
                exported: true,
                intrinsic: true,
                is_iter: false,
                iter_state: [],
                is_send: false,
                name: Ident {
                    name: "eq",
                    span: 2443..2445,
                },
                scoped_to: Some(
                    Ident {
                        name: "Bytes",
                        span: 2446..2451,
                    },
                ),
                structural: false,
                generics: [],
                generic_canbe: [],
                derived_return: None,
                params: [
                    Param {
                        name: Ident {
                            name: "a",
                            span: 2452..2453,
                        },
                        ty: Named {
                            qualifiers: [],
                            base: TypeRef {
                                name: Ident {
                                    name: "Bytes",
                                    span: 2455..2460,
                                },
                                args: [],
                                from: [],
                                at: None,
                                binder: false,
                                alias: None,
                                span: 2455..2460,
                            },
                        },
                        variadic: false,
                        implicit: false,
                        span: 2452..2460,
                    },
                    Param {
                        name: Ident {
                            name: "b",
                            span: 2462..2463,
                        },
                        ty: Named {
                            qualifiers: [],
                            base: TypeRef {
                                name: Ident {
                                    name: "Bytes",
                                    span: 2465..2470,
                                },
                                args: [],
                                from: [],
                                at: None,
                                binder: false,
                                alias: None,
                                span: 2465..2470,
                            },
                        },
                        variadic: false,
                        implicit: false,
                        span: 2462..2470,
                    },
                ],
                implicit_groups: [],
                effects: Some(
                    [],
                ),
                deductions: Some(
                    [
                        Deduction {
                            target: Param {
                                name: Ident {
                                    name: "a",
                                    span: 2486..2487,
                                },
                                path: [],
                            },
                            kind: KeepAll,
                            span: 2486..2487,
                        },
                        Deduction {
                            target: Param {
                                name: Ident {
                                    name: "b",
                                    span: 2489..2490,
                                },
                                path: [],
                            },
                            kind: KeepAll,
                            span: 2489..2490,
                        },
                    ],
                ),
                return_type: Some(
                    Named {
                        qualifiers: [],
                        base: TypeRef {
                            name: Ident {
                                name: "Bool",
                                span: 2478..2482,
                            },
                            args: [],
                            from: [],
                            at: None,
                            binder: false,
                            alias: None,
                            span: 2478..2482,
                        },
                    },
                ),
                constructs: None,
                body: None,
                span: 2440..2482,
            },
        ),
        Fn(
            FnDecl {
                docs: [
                    "The number of bytes in [data].",
                ],
                exported: true,
                intrinsic: true,
                is_iter: false,
                iter_state: [],
                is_send: false,
                name: Ident {
                    name: "size",
                    span: 2546..2550,
                },
                scoped_to: None,
                structural: false,
                generics: [],
                generic_canbe: [],
                derived_return: None,
                params: [
                    Param {
                        name: Ident {
                            name: "data",
                            span: 2551..2555,
                        },
                        ty: Named {
                            qualifiers: [],
                            base: TypeRef {
                                name: Ident {
                                    name: "Bytes",
                                    span: 2557..2562,
                                },
                                args: [],
                                from: [],
                                at: None,
                                binder: false,
                                alias: None,
                                span: 2557..2562,
                            },
                        },
                        variadic: false,
                        implicit: false,
                        span: 2551..2562,
                    },
                ],
                implicit_groups: [],
                effects: Some(
                    [],
                ),
                deductions: Some(
                    [
                        Deduction {
                            target: Param {
                                name: Ident {
                                    name: "data",
                                    span: 2577..2581,
                                },
                                path: [],
                            },
                            kind: KeepAll,
                            span: 2577..2581,
                        },
                    ],
                ),
                return_type: Some(
                    Named {
                        qualifiers: [],
                        base: TypeRef {
                            name: Ident {
                                name: "Int",
                                span: 2570..2573,
                            },
                            args: [],
                            from: [],
                            at: None,
                            binder: false,
                            alias: None,
                            span: 2570..2573,
                        },
                    },
                ),
                constructs: None,
                body: None,
                span: 2543..2573,
            },
        ),
        Fn(
            FnDecl {
                docs: [
                    "The byte at [index], or `None` when [index] is outside the buffer.",
                ],
                exported: true,
                intrinsic: true,
                is_iter: false,
                iter_state: [],
                is_send: false,
                name: Ident {
                    name: "get",
                    span: 2673..2676,
                },
                scoped_to: None,
                structural: false,
                generics: [],
                generic_canbe: [],
                derived_return: None,
                params: [
                    Param {
                        name: Ident {
                            name: "data",
                            span: 2677..2681,
                        },
                        ty: Named {
                            qualifiers: [],
                            base: TypeRef {
                                name: Ident {
                                    name: "Bytes",
                                    span: 2683..2688,
                                },
                                args: [],
                                from: [],
                                at: None,
                                binder: false,
                                alias: None,
                                span: 2683..2688,
                            },
                        },
                        variadic: false,
                        implicit: false,
                        span: 2677..2688,
                    },
                    Param {
                        name: Ident {
                            name: "index",
                            span: 2690..2695,
                        },
                        ty: Named {
                            qualifiers: [],
                            base: TypeRef {
                                name: Ident {
                                    name: "Int",
                                    span: 2697..2700,
                                },
                                args: [],
                                from: [],
                                at: None,
                                binder: false,
                                alias: None,
                                span: 2697..2700,
                            },
                        },
                        variadic: false,
                        implicit: false,
                        span: 2690..2700,
                    },
                ],
                implicit_groups: [],
                effects: Some(
                    [],
                ),
                deductions: Some(
                    [
                        Deduction {
                            target: Param {
                                name: Ident {
                                    name: "data",
                                    span: 2717..2721,
                                },
                                path: [],
                            },
                            kind: KeepAll,
                            span: 2717..2721,
                        },
                        Deduction {
                            target: Param {
                                name: Ident {
                                    name: "index",
                                    span: 2723..2728,
                                },
                                path: [],
                            },
                            kind: KeepAll,
                            span: 2723..2728,
                        },
                    ],
                ),
                return_type: Some(
                    Nullable {
                        inner: Named {
                            qualifiers: [],
                            base: TypeRef {
                                name: Ident {
                                    name: "Byte",
                                    span: 2708..2712,
                                },
                                args: [],
                                from: [],
                                at: None,
                                binder: false,
                                alias: None,
                                span: 2708..2712,
                            },
                        },
                        span: 2708..2713,
                    },
                ),
                constructs: None,
                body: None,
                span: 2670..2713,
            },
        ),
        Fn(
            FnDecl {
                docs: [
                    "The bytes from [start] (inclusive) to [end] (exclusive), or `None` when",
                    "that range does not lie within the buffer. A **copy**, not a view: Salvo",
                    "states borrows in deductions, and this one does not borrow [proj-field].",
                ],
                exported: true,
                intrinsic: true,
                is_iter: false,
                iter_state: [],
                is_send: false,
                name: Ident {
                    name: "slice",
                    span: 2977..2982,
                },
                scoped_to: None,
                structural: false,
                generics: [],
                generic_canbe: [],
                derived_return: None,
                params: [
                    Param {
                        name: Ident {
                            name: "data",
                            span: 2983..2987,
                        },
                        ty: Named {
                            qualifiers: [],
                            base: TypeRef {
                                name: Ident {
                                    name: "Bytes",
                                    span: 2989..2994,
                                },
                                args: [],
                                from: [],
                                at: None,
                                binder: false,
                                alias: None,
                                span: 2989..2994,
                            },
                        },
                        variadic: false,
                        implicit: false,
                        span: 2983..2994,
                    },
                    Param {
                        name: Ident {
                            name: "start",
                            span: 2996..3001,
                        },
                        ty: Named {
                            qualifiers: [],
                            base: TypeRef {
                                name: Ident {
                                    name: "Int",
                                    span: 3003..3006,
                                },
                                args: [],
                                from: [],
                                at: None,
                                binder: false,
                                alias: None,
                                span: 3003..3006,
                            },
                        },
                        variadic: false,
                        implicit: false,
                        span: 2996..3006,
                    },
                    Param {
                        name: Ident {
                            name: "end",
                            span: 3008..3011,
                        },
                        ty: Named {
                            qualifiers: [],
                            base: TypeRef {
                                name: Ident {
                                    name: "Int",
                                    span: 3013..3016,
                                },
                                args: [],
                                from: [],
                                at: None,
                                binder: false,
                                alias: None,
                                span: 3013..3016,
                            },
                        },
                        variadic: false,
                        implicit: false,
                        span: 3008..3016,
                    },
                ],
                implicit_groups: [],
                effects: Some(
                    [],
                ),
                deductions: Some(
                    [
                        Deduction {
                            target: Param {
                                name: Ident {
                                    name: "data",
                                    span: 3034..3038,
                                },
                                path: [],
                            },
                            kind: KeepAll,
                            span: 3034..3038,
                        },
                        Deduction {
                            target: Param {
                                name: Ident {
                                    name: "start",
                                    span: 3040..3045,
                                },
                                path: [],
                            },
                            kind: KeepAll,
                            span: 3040..3045,
                        },
                        Deduction {
                            target: Param {
                                name: Ident {
                                    name: "end",
                                    span: 3047..3050,
                                },
                                path: [],
                            },
                            kind: KeepAll,
                            span: 3047..3050,
                        },
                    ],
                ),
                return_type: Some(
                    Nullable {
                        inner: Named {
                            qualifiers: [],
                            base: TypeRef {
                                name: Ident {
                                    name: "Bytes",
                                    span: 3024..3029,
                                },
                                args: [],
                                from: [],
                                at: None,
                                binder: false,
                                alias: None,
                                span: 3024..3029,
                            },
                        },
                        span: 3024..3030,
                    },
                ),
                constructs: None,
                body: None,
                span: 2974..3030,
            },
        ),
        Fn(
            FnDecl {
                docs: [
                    "The index of the first occurrence of [byte], or `None` when it does not",
                    "occur. No `-1` sentinel: absence is `None` [type-nullable].",
                ],
                exported: true,
                intrinsic: true,
                is_iter: false,
                iter_state: [],
                is_send: false,
                name: Ident {
                    name: "index_of",
                    span: 3210..3218,
                },
                scoped_to: None,
                structural: false,
                generics: [],
                generic_canbe: [],
                derived_return: None,
                params: [
                    Param {
                        name: Ident {
                            name: "data",
                            span: 3219..3223,
                        },
                        ty: Named {
                            qualifiers: [],
                            base: TypeRef {
                                name: Ident {
                                    name: "Bytes",
                                    span: 3225..3230,
                                },
                                args: [],
                                from: [],
                                at: None,
                                binder: false,
                                alias: None,
                                span: 3225..3230,
                            },
                        },
                        variadic: false,
                        implicit: false,
                        span: 3219..3230,
                    },
                    Param {
                        name: Ident {
                            name: "byte",
                            span: 3232..3236,
                        },
                        ty: Named {
                            qualifiers: [],
                            base: TypeRef {
                                name: Ident {
                                    name: "Byte",
                                    span: 3238..3242,
                                },
                                args: [],
                                from: [],
                                at: None,
                                binder: false,
                                alias: None,
                                span: 3238..3242,
                            },
                        },
                        variadic: false,
                        implicit: false,
                        span: 3232..3242,
                    },
                ],
                implicit_groups: [],
                effects: Some(
                    [],
                ),
                deductions: Some(
                    [
                        Deduction {
                            target: Param {
                                name: Ident {
                                    name: "data",
                                    span: 3258..3262,
                                },
                                path: [],
                            },
                            kind: KeepAll,
                            span: 3258..3262,
                        },
                        Deduction {
                            target: Param {
                                name: Ident {
                                    name: "byte",
                                    span: 3264..3268,
                                },
                                path: [],
                            },
                            kind: KeepAll,
                            span: 3264..3268,
                        },
                    ],
                ),
                return_type: Some(
                    Nullable {
                        inner: Named {
                            qualifiers: [],
                            base: TypeRef {
                                name: Ident {
                                    name: "Int",
                                    span: 3250..3253,
                                },
                                args: [],
                                from: [],
                                at: None,
                                binder: false,
                                alias: None,
                                span: 3250..3253,
                            },
                        },
                        span: 3250..3254,
                    },
                ),
                constructs: None,
                body: None,
                span: 3207..3254,
            },
        ),
        Fn(
            FnDecl {
                docs: [
                    "Appends one byte to [data].",
                ],
                exported: true,
                intrinsic: true,
                is_iter: false,
                iter_state: [],
                is_send: false,
                name: Ident {
                    name: "add",
                    span: 3321..3324,
                },
                scoped_to: None,
                structural: false,
                generics: [],
                generic_canbe: [],
                derived_return: None,
                params: [
                    Param {
                        name: Ident {
                            name: "data",
                            span: 3325..3329,
                        },
                        ty: Named {
                            qualifiers: [
                                TypeRef {
                                    name: Ident {
                                        name: "Mut",
                                        span: 3331..3334,
                                    },
                                    args: [],
                                    from: [],
                                    at: None,
                                    binder: false,
                                    alias: None,
                                    span: 3331..3334,
                                },
                            ],
                            base: TypeRef {
                                name: Ident {
                                    name: "Bytes",
                                    span: 3335..3340,
                                },
                                args: [],
                                from: [],
                                at: None,
                                binder: false,
                                alias: None,
                                span: 3335..3340,
                            },
                        },
                        variadic: false,
                        implicit: false,
                        span: 3325..3340,
                    },
                    Param {
                        name: Ident {
                            name: "byte",
                            span: 3342..3346,
                        },
                        ty: Named {
                            qualifiers: [],
                            base: TypeRef {
                                name: Ident {
                                    name: "Byte",
                                    span: 3348..3352,
                                },
                                args: [],
                                from: [],
                                at: None,
                                binder: false,
                                alias: None,
                                span: 3348..3352,
                            },
                        },
                        variadic: false,
                        implicit: false,
                        span: 3342..3352,
                    },
                ],
                implicit_groups: [],
                effects: Some(
                    [],
                ),
                deductions: Some(
                    [
                        Deduction {
                            target: Param {
                                name: Ident {
                                    name: "data",
                                    span: 3368..3372,
                                },
                                path: [],
                            },
                            kind: Exhaustive {
                                quals: [
                                    TypeRef {
                                        name: Ident {
                                            name: "Mut",
                                            span: 3374..3377,
                                        },
                                        args: [],
                                        from: [],
                                        at: None,
                                        binder: false,
                                        alias: None,
                                        span: 3374..3377,
                                    },
                                ],
                                reapplied: [],
                            },
                            span: 3368..3377,
                        },
                        Deduction {
                            target: Param {
                                name: Ident {
                                    name: "byte",
                                    span: 3379..3383,
                                },
                                path: [],
                            },
                            kind: KeepAll,
                            span: 3379..3383,
                        },
                    ],
                ),
                return_type: Some(
                    Named {
                        qualifiers: [],
                        base: TypeRef {
                            name: Ident {
                                name: "None",
                                span: 3360..3364,
                            },
                            args: [],
                            from: [],
                            at: None,
                            binder: false,
                            alias: None,
                            span: 3360..3364,
                        },
                    },
                ),
                constructs: None,
                body: None,
                span: 3318..3364,
            },
        ),
        Fn(
            FnDecl {
                docs: [
                    "Appends every byte of [more] to [data].",
                ],
                exported: true,
                intrinsic: true,
                is_iter: false,
                iter_state: [],
                is_send: false,
                name: Ident {
                    name: "append",
                    span: 3448..3454,
                },
                scoped_to: None,
                structural: false,
                generics: [],
                generic_canbe: [],
                derived_return: None,
                params: [
                    Param {
                        name: Ident {
                            name: "data",
                            span: 3455..3459,
                        },
                        ty: Named {
                            qualifiers: [
                                TypeRef {
                                    name: Ident {
                                        name: "Mut",
                                        span: 3461..3464,
                                    },
                                    args: [],
                                    from: [],
                                    at: None,
                                    binder: false,
                                    alias: None,
                                    span: 3461..3464,
                                },
                            ],
                            base: TypeRef {
                                name: Ident {
                                    name: "Bytes",
                                    span: 3465..3470,
                                },
                                args: [],
                                from: [],
                                at: None,
                                binder: false,
                                alias: None,
                                span: 3465..3470,
                            },
                        },
                        variadic: false,
                        implicit: false,
                        span: 3455..3470,
                    },
                    Param {
                        name: Ident {
                            name: "more",
                            span: 3472..3476,
                        },
                        ty: Named {
                            qualifiers: [],
                            base: TypeRef {
                                name: Ident {
                                    name: "Bytes",
                                    span: 3478..3483,
                                },
                                args: [],
                                from: [],
                                at: None,
                                binder: false,
                                alias: None,
                                span: 3478..3483,
                            },
                        },
                        variadic: false,
                        implicit: false,
                        span: 3472..3483,
                    },
                ],
                implicit_groups: [],
                effects: Some(
                    [],
                ),
                deductions: Some(
                    [
                        Deduction {
                            target: Param {
                                name: Ident {
                                    name: "data",
                                    span: 3499..3503,
                                },
                                path: [],
                            },
                            kind: Exhaustive {
                                quals: [
                                    TypeRef {
                                        name: Ident {
                                            name: "Mut",
                                            span: 3505..3508,
                                        },
                                        args: [],
                                        from: [],
                                        at: None,
                                        binder: false,
                                        alias: None,
                                        span: 3505..3508,
                                    },
                                ],
                                reapplied: [],
                            },
                            span: 3499..3508,
                        },
                        Deduction {
                            target: Param {
                                name: Ident {
                                    name: "more",
                                    span: 3510..3514,
                                },
                                path: [],
                            },
                            kind: KeepAll,
                            span: 3510..3514,
                        },
                    ],
                ),
                return_type: Some(
                    Named {
                        qualifiers: [],
                        base: TypeRef {
                            name: Ident {
                                name: "None",
                                span: 3491..3495,
                            },
                            args: [],
                            from: [],
                            at: None,
                            binder: false,
                            alias: None,
                            span: 3491..3495,
                        },
                    },
                ),
                constructs: None,
                body: None,
                span: 3445..3495,
            },
        ),
        Fn(
            FnDecl {
                docs: [
                    "Replaces the byte at [index], and answers whether it did. Out of range it",
                    "writes nothing and answers `false` — the buffer is the caller's, and growing",
                    "it here would make a `set` an `add`, exactly as on `Mut Str` [set].",
                    "",
                    "[col-bounds] The `Bool` is the same report `swap` makes, and for the same",
                    "reason (user decision 2026-09-22): a write that quietly did nothing is a bug",
                    "with no symptom at the call. Ignore it where the index is known good.",
                ],
                exported: true,
                intrinsic: true,
                is_iter: false,
                iter_state: [],
                is_send: false,
                name: Ident {
                    name: "set",
                    span: 3999..4002,
                },
                scoped_to: None,
                structural: false,
                generics: [],
                generic_canbe: [],
                derived_return: None,
                params: [
                    Param {
                        name: Ident {
                            name: "data",
                            span: 4003..4007,
                        },
                        ty: Named {
                            qualifiers: [
                                TypeRef {
                                    name: Ident {
                                        name: "Mut",
                                        span: 4009..4012,
                                    },
                                    args: [],
                                    from: [],
                                    at: None,
                                    binder: false,
                                    alias: None,
                                    span: 4009..4012,
                                },
                            ],
                            base: TypeRef {
                                name: Ident {
                                    name: "Bytes",
                                    span: 4013..4018,
                                },
                                args: [],
                                from: [],
                                at: None,
                                binder: false,
                                alias: None,
                                span: 4013..4018,
                            },
                        },
                        variadic: false,
                        implicit: false,
                        span: 4003..4018,
                    },
                    Param {
                        name: Ident {
                            name: "index",
                            span: 4020..4025,
                        },
                        ty: Named {
                            qualifiers: [],
                            base: TypeRef {
                                name: Ident {
                                    name: "Int",
                                    span: 4027..4030,
                                },
                                args: [],
                                from: [],
                                at: None,
                                binder: false,
                                alias: None,
                                span: 4027..4030,
                            },
                        },
                        variadic: false,
                        implicit: false,
                        span: 4020..4030,
                    },
                    Param {
                        name: Ident {
                            name: "byte",
                            span: 4032..4036,
                        },
                        ty: Named {
                            qualifiers: [],
                            base: TypeRef {
                                name: Ident {
                                    name: "Byte",
                                    span: 4038..4042,
                                },
                                args: [],
                                from: [],
                                at: None,
                                binder: false,
                                alias: None,
                                span: 4038..4042,
                            },
                        },
                        variadic: false,
                        implicit: false,
                        span: 4032..4042,
                    },
                ],
                implicit_groups: [],
                effects: Some(
                    [],
                ),
                deductions: Some(
                    [
                        Deduction {
                            target: Param {
                                name: Ident {
                                    name: "data",
                                    span: 4062..4066,
                                },
                                path: [],
                            },
                            kind: Exhaustive {
                                quals: [
                                    TypeRef {
                                        name: Ident {
                                            name: "Mut",
                                            span: 4068..4071,
                                        },
                                        args: [],
                                        from: [],
                                        at: None,
                                        binder: false,
                                        alias: None,
                                        span: 4068..4071,
                                    },
                                ],
                                reapplied: [],
                            },
                            span: 4062..4071,
                        },
                        Deduction {
                            target: Param {
                                name: Ident {
                                    name: "index",
                                    span: 4073..4078,
                                },
                                path: [],
                            },
                            kind: KeepAll,
                            span: 4073..4078,
                        },
                        Deduction {
                            target: Param {
                                name: Ident {
                                    name: "byte",
                                    span: 4080..4084,
                                },
                                path: [],
                            },
                            kind: KeepAll,
                            span: 4080..4084,
                        },
                    ],
                ),
                return_type: Some(
                    Named {
                        qualifiers: [],
                        base: TypeRef {
                            name: Ident {
                                name: "Bool",
                                span: 4050..4054,
                            },
                            args: [],
                            from: [],
                            at: None,
                            binder: false,
                            alias: None,
                            span: 4050..4054,
                        },
                    },
                ),
                constructs: None,
                body: None,
                span: 3996..4054,
            },
        ),
        Fn(
            FnDecl {
                docs: [
                    "Removes every byte from [data], keeping whatever room it had. This is the",
                    "call that makes a buffer reusable across reads [fs-read-to].",
                ],
                exported: true,
                intrinsic: true,
                is_iter: false,
                iter_state: [],
                is_send: false,
                name: Ident {
                    name: "clear",
                    span: 4247..4252,
                },
                scoped_to: None,
                structural: false,
                generics: [],
                generic_canbe: [],
                derived_return: None,
                params: [
                    Param {
                        name: Ident {
                            name: "data",
                            span: 4253..4257,
                        },
                        ty: Named {
                            qualifiers: [
                                TypeRef {
                                    name: Ident {
                                        name: "Mut",
                                        span: 4259..4262,
                                    },
                                    args: [],
                                    from: [],
                                    at: None,
                                    binder: false,
                                    alias: None,
                                    span: 4259..4262,
                                },
                            ],
                            base: TypeRef {
                                name: Ident {
                                    name: "Bytes",
                                    span: 4263..4268,
                                },
                                args: [],
                                from: [],
                                at: None,
                                binder: false,
                                alias: None,
                                span: 4263..4268,
                            },
                        },
                        variadic: false,
                        implicit: false,
                        span: 4253..4268,
                    },
                ],
                implicit_groups: [],
                effects: Some(
                    [],
                ),
                deductions: Some(
                    [
                        Deduction {
                            target: Param {
                                name: Ident {
                                    name: "data",
                                    span: 4284..4288,
                                },
                                path: [],
                            },
                            kind: Exhaustive {
                                quals: [
                                    TypeRef {
                                        name: Ident {
                                            name: "Mut",
                                            span: 4290..4293,
                                        },
                                        args: [],
                                        from: [],
                                        at: None,
                                        binder: false,
                                        alias: None,
                                        span: 4290..4293,
                                    },
                                ],
                                reapplied: [],
                            },
                            span: 4284..4293,
                        },
                    ],
                ),
                return_type: Some(
                    Named {
                        qualifiers: [],
                        base: TypeRef {
                            name: Ident {
                                name: "None",
                                span: 4276..4280,
                            },
                            args: [],
                            from: [],
                            at: None,
                            binder: false,
                            alias: None,
                            span: 4276..4280,
                        },
                    },
                ),
                constructs: None,
                body: None,
                span: 4244..4280,
            },
        ),
        Fn(
            FnDecl {
                docs: [
                    "The numbers, as a list is written: `[0, 255, 200]`. Deliberately the same",
                    "text a `List<Byte>` produces, so what a program prints did not change when",
                    "the payload type did [interp-to-str].",
                ],
                exported: true,
                intrinsic: true,
                is_iter: false,
                iter_state: [],
                is_send: false,
                name: Ident {
                    name: "to_str",
                    span: 4511..4517,
                },
                scoped_to: None,
                structural: false,
                generics: [],
                generic_canbe: [],
                derived_return: None,
                params: [
                    Param {
                        name: Ident {
                            name: "data",
                            span: 4518..4522,
                        },
                        ty: Named {
                            qualifiers: [],
                            base: TypeRef {
                                name: Ident {
                                    name: "Bytes",
                                    span: 4524..4529,
                                },
                                args: [],
                                from: [],
                                at: None,
                                binder: false,
                                alias: None,
                                span: 4524..4529,
                            },
                        },
                        variadic: false,
                        implicit: false,
                        span: 4518..4529,
                    },
                ],
                implicit_groups: [],
                effects: Some(
                    [],
                ),
                deductions: Some(
                    [
                        Deduction {
                            target: Param {
                                name: Ident {
                                    name: "data",
                                    span: 4544..4548,
                                },
                                path: [],
                            },
                            kind: KeepAll,
                            span: 4544..4548,
                        },
                    ],
                ),
                return_type: Some(
                    Named {
                        qualifiers: [],
                        base: TypeRef {
                            name: Ident {
                                name: "Str",
                                span: 4537..4540,
                            },
                            args: [],
                            from: [],
                            at: None,
                            binder: false,
                            alias: None,
                            span: 4537..4540,
                        },
                    },
                ),
                constructs: None,
                body: None,
                span: 4508..4540,
            },
        ),
        Fn(
            FnDecl {
                docs: [
                    "Lower-case hex, two characters per byte and nothing between them:",
                    "`00ffc8`. The form a checksum, a digest or a wire dump wants.",
                ],
                exported: true,
                intrinsic: true,
                is_iter: false,
                iter_state: [],
                is_send: false,
                name: Ident {
                    name: "to_hex",
                    span: 4704..4710,
                },
                scoped_to: None,
                structural: false,
                generics: [],
                generic_canbe: [],
                derived_return: None,
                params: [
                    Param {
                        name: Ident {
                            name: "data",
                            span: 4711..4715,
                        },
                        ty: Named {
                            qualifiers: [],
                            base: TypeRef {
                                name: Ident {
                                    name: "Bytes",
                                    span: 4717..4722,
                                },
                                args: [],
                                from: [],
                                at: None,
                                binder: false,
                                alias: None,
                                span: 4717..4722,
                            },
                        },
                        variadic: false,
                        implicit: false,
                        span: 4711..4722,
                    },
                ],
                implicit_groups: [],
                effects: Some(
                    [],
                ),
                deductions: Some(
                    [
                        Deduction {
                            target: Param {
                                name: Ident {
                                    name: "data",
                                    span: 4737..4741,
                                },
                                path: [],
                            },
                            kind: KeepAll,
                            span: 4737..4741,
                        },
                    ],
                ),
                return_type: Some(
                    Named {
                        qualifiers: [],
                        base: TypeRef {
                            name: Ident {
                                name: "Str",
                                span: 4730..4733,
                            },
                            args: [],
                            from: [],
                            at: None,
                            binder: false,
                            alias: None,
                            span: 4730..4733,
                        },
                    },
                ),
                constructs: None,
                body: None,
                span: 4701..4733,
            },
        ),
        Fn(
            FnDecl {
                docs: [
                    "[iter-pass] A fresh pass over the bytes of [data], in order — which is what",
                    "makes `for b in data` and the sequence functions work on a buffer.",
                ],
                exported: true,
                intrinsic: false,
                is_iter: false,
                iter_state: [],
                is_send: false,
                name: Ident {
                    name: "iter",
                    span: 4904..4908,
                },
                scoped_to: None,
                structural: false,
                generics: [],
                generic_canbe: [],
                derived_return: None,
                params: [
                    Param {
                        name: Ident {
                            name: "data",
                            span: 4909..4913,
                        },
                        ty: Named {
                            qualifiers: [],
                            base: TypeRef {
                                name: Ident {
                                    name: "Bytes",
                                    span: 4915..4920,
                                },
                                args: [],
                                from: [],
                                at: None,
                                binder: false,
                                alias: None,
                                span: 4915..4920,
                            },
                        },
                        variadic: false,
                        implicit: false,
                        span: 4909..4920,
                    },
                ],
                implicit_groups: [],
                effects: Some(
                    [],
                ),
                deductions: Some(
                    [
                        Deduction {
                            target: Param {
                                name: Ident {
                                    name: "data",
                                    span: 4946..4950,
                                },
                                path: [],
                            },
                            kind: KeepAll,
                            span: 4946..4950,
                        },
                    ],
                ),
                return_type: Some(
                    Named {
                        qualifiers: [
                            TypeRef {
                                name: Ident {
                                    name: "Mut",
                                    span: 4928..4931,
                                },
                                args: [],
                                from: [],
                                at: None,
                                binder: false,
                                alias: None,
                                span: 4928..4931,
                            },
                        ],
                        base: TypeRef {
                            name: Ident {
                                name: "BytesYield",
                                span: 4932..4942,
                            },
                            args: [],
                            from: [],
                            at: None,
                            binder: false,
                            alias: None,
                            span: 4932..4942,
                        },
                    },
                ),
                constructs: None,
                body: Some(
                    Block {
                        stmts: [
                            Expr(
                                Return {
                                    value: Some(
                                        StructLit {
                                            ty: Some(
                                                Named {
                                                    qualifiers: [
                                                        TypeRef {
                                                            name: Ident {
                                                                name: "Mut",
                                                                span: 4964..4967,
                                                            },
                                                            args: [],
                                                            from: [],
                                                            at: None,
                                                            binder: false,
                                                            alias: None,
                                                            span: 4964..4967,
                                                        },
                                                    ],
                                                    base: TypeRef {
                                                        name: Ident {
                                                            name: "BytesYield",
                                                            span: 4968..4978,
                                                        },
                                                        args: [],
                                                        from: [],
                                                        at: None,
                                                        binder: false,
                                                        alias: None,
                                                        span: 4968..4978,
                                                    },
                                                },
                                            ),
                                            fields: [
                                                StructLitField {
                                                    kind: Named {
                                                        name: Ident {
                                                            name: "data",
                                                            span: 4981..4985,
                                                        },
                                                        value: Ident(
                                                            Ident {
                                                                name: "data",
                                                                span: 4987..4991,
                                                            },
                                                        ),
                                                    },
                                                    span: 4981..4991,
                                                },
                                                StructLitField {
                                                    kind: Named {
                                                        name: Ident {
                                                            name: "at",
                                                            span: 4993..4995,
                                                        },
                                                        value: Int {
                                                            value: 0,
                                                            long: false,
                                                            span: 4997..4998,
                                                        },
                                                    },
                                                    span: 4993..4998,
                                                },
                                            ],
                                            span: 4964..5000,
                                        },
                                    ),
                                    span: 4957..5000,
                                },
                            ),
                        ],
                        span: 4951..5002,
                    },
                ),
                span: 4901..5002,
            },
        ),
        Struct(
            StructDecl {
                docs: [
                    "[iter-protocol] The pass a buffer is walked by: the buffer plus a position",
                    "in it. The buffer is borrowed, not copied [proj-field].",
                ],
                exported: true,
                name: Ident {
                    name: "BytesYield",
                    span: 5155..5165,
                },
                generics: [],
                generic_canbe: [],
                obligations: [
                    Obligation {
                        auto: false,
                        group: TypeRef {
                            name: Ident {
                                name: "Yield",
                                span: 5168..5173,
                            },
                            args: [
                                Named {
                                    qualifiers: [],
                                    base: TypeRef {
                                        name: Ident {
                                            name: "self",
                                            span: 5174..5178,
                                        },
                                        args: [],
                                        from: [],
                                        at: None,
                                        binder: false,
                                        alias: None,
                                        span: 5174..5178,
                                    },
                                },
                                Named {
                                    qualifiers: [],
                                    base: TypeRef {
                                        name: Ident {
                                            name: "Byte",
                                            span: 5180..5184,
                                        },
                                        args: [],
                                        from: [],
                                        at: None,
                                        binder: false,
                                        alias: None,
                                        span: 5180..5184,
                                    },
                                },
                            ],
                            from: [],
                            at: None,
                            binder: false,
                            alias: None,
                            span: 5168..5185,
                        },
                    },
                ],
                auto_qualifiers: [
                    TypeRef {
                        name: Ident {
                            name: "Mut",
                            span: 5192..5195,
                        },
                        args: [],
                        from: [],
                        at: None,
                        binder: false,
                        alias: None,
                        span: 5192..5195,
                    },
                ],
                fields: [
                    FieldDecl {
                        docs: [
                            "The buffer being walked.",
                        ],
                        name: Ident {
                            name: "data",
                            span: 5234..5238,
                        },
                        ty: Named {
                            qualifiers: [
                                TypeRef {
                                    name: Ident {
                                        name: "proj",
                                        span: 5240..5244,
                                    },
                                    args: [],
                                    from: [],
                                    at: None,
                                    binder: false,
                                    alias: None,
                                    span: 5240..5244,
                                },
                            ],
                            base: TypeRef {
                                name: Ident {
                                    name: "Bytes",
                                    span: 5245..5250,
                                },
                                args: [],
                                from: [],
                                at: None,
                                binder: false,
                                alias: None,
                                span: 5245..5250,
                            },
                        },
                        default: None,
                        span: 5234..5250,
                    },
                    FieldDecl {
                        docs: [
                            "The index of the next byte to emit.",
                        ],
                        name: Ident {
                            name: "at",
                            span: 5299..5301,
                        },
                        ty: Named {
                            qualifiers: [],
                            base: TypeRef {
                                name: Ident {
                                    name: "Int",
                                    span: 5303..5306,
                                },
                                args: [],
                                from: [],
                                at: None,
                                binder: false,
                                alias: None,
                                span: 5303..5306,
                            },
                        },
                        default: None,
                        span: 5299..5306,
                    },
                ],
                linear: false,
                span: 5148..5308,
            },
        ),
        Fn(
            FnDecl {
                docs: [
                    "Advances the pass, reporting the byte at its position or the end of the",
                    "buffer.",
                ],
                exported: true,
                intrinsic: false,
                is_iter: false,
                iter_state: [],
                is_send: false,
                name: Ident {
                    name: "next",
                    span: 5406..5410,
                },
                scoped_to: None,
                structural: false,
                generics: [],
                generic_canbe: [],
                derived_return: None,
                params: [
                    Param {
                        name: Ident {
                            name: "p",
                            span: 5411..5412,
                        },
                        ty: Named {
                            qualifiers: [
                                TypeRef {
                                    name: Ident {
                                        name: "Mut",
                                        span: 5414..5417,
                                    },
                                    args: [],
                                    from: [],
                                    at: None,
                                    binder: false,
                                    alias: None,
                                    span: 5414..5417,
                                },
                            ],
                            base: TypeRef {
                                name: Ident {
                                    name: "BytesYield",
                                    span: 5418..5428,
                                },
                                args: [],
                                from: [],
                                at: None,
                                binder: false,
                                alias: None,
                                span: 5418..5428,
                            },
                        },
                        variadic: false,
                        implicit: false,
                        span: 5411..5428,
                    },
                ],
                implicit_groups: [],
                effects: Some(
                    [],
                ),
                deductions: Some(
                    [
                        Deduction {
                            target: Param {
                                name: Ident {
                                    name: "p",
                                    span: 5463..5464,
                                },
                                path: [],
                            },
                            kind: Exhaustive {
                                quals: [
                                    TypeRef {
                                        name: Ident {
                                            name: "Mut",
                                            span: 5466..5469,
                                        },
                                        args: [],
                                        from: [],
                                        at: None,
                                        binder: false,
                                        alias: None,
                                        span: 5466..5469,
                                    },
                                ],
                                reapplied: [],
                            },
                            span: 5463..5469,
                        },
                    ],
                ),
                return_type: Some(
                    Union {
                        arms: [
                            Named {
                                qualifiers: [
                                    TypeRef {
                                        name: Ident {
                                            name: "Emitted",
                                            span: 5436..5443,
                                        },
                                        args: [],
                                        from: [],
                                        at: None,
                                        binder: false,
                                        alias: None,
                                        span: 5436..5443,
                                    },
                                ],
                                base: TypeRef {
                                    name: Ident {
                                        name: "Byte",
                                        span: 5444..5448,
                                    },
                                    args: [],
                                    from: [],
                                    at: None,
                                    binder: false,
                                    alias: None,
                                    span: 5444..5448,
                                },
                            },
                            Named {
                                qualifiers: [],
                                base: TypeRef {
                                    name: Ident {
                                        name: "Finished",
                                        span: 5451..5459,
                                    },
                                    args: [],
                                    from: [],
                                    at: None,
                                    binder: false,
                                    alias: None,
                                    span: 5451..5459,
                                },
                            },
                        ],
                        span: 5436..5459,
                    },
                ),
                constructs: None,
                body: Some(
                    Block {
                        stmts: [
                            Let {
                                pattern: Ident(
                                    Ident {
                                        name: "b",
                                        span: 5480..5481,
                                    },
                                ),
                                ty: None,
                                value: Call {
                                    callee: Ident(
                                        Ident {
                                            name: "get",
                                            span: 5484..5487,
                                        },
                                    ),
                                    type_args: [],
                                    args: [
                                        Field {
                                            base: Ident(
                                                Ident {
                                                    name: "p",
                                                    span: 5488..5489,
                                                },
                                            ),
                                            field: Ident {
                                                name: "data",
                                                span: 5490..5494,
                                            },
                                            span: 5488..5494,
                                        },
                                        Field {
                                            base: Ident(
                                                Ident {
                                                    name: "p",
                                                    span: 5496..5497,
                                                },
                                            ),
                                            field: Ident {
                                                name: "at",
                                                span: 5498..5500,
                                            },
                                            span: 5496..5500,
                                        },
                                    ],
                                    named: [],
                                    span: 5484..5501,
                                },
                                span: 5476..5501,
                            },
                            Expr(
                                If {
                                    branches: [
                                        (
                                            Is {
                                                subject: Ident(
                                                    Ident {
                                                        name: "b",
                                                        span: 5509..5510,
                                                    },
                                                ),
                                                check: [
                                                    TypeRef {
                                                        name: Ident {
                                                            name: "None",
                                                            span: 5514..5518,
                                                        },
                                                        args: [],
                                                        from: [],
                                                        at: None,
                                                        binder: false,
                                                        alias: None,
                                                        span: 5514..5518,
                                                    },
                                                ],
                                                binding: None,
                                                span: 5509..5518,
                                            },
                                            Block {
                                                stmts: [
                                                    Expr(
                                                        Return {
                                                            value: Some(
                                                                Call {
                                                                    callee: Ident(
                                                                        Ident {
                                                                            name: "finished",
                                                                            span: 5536..5544,
                                                                        },
                                                                    ),
                                                                    type_args: [],
                                                                    args: [],
                                                                    named: [],
                                                                    span: 5536..5546,
                                                                },
                                                            ),
                                                            span: 5529..5546,
                                                        },
                                                    ),
                                                ],
                                                span: 5519..5552,
                                            },
                                        ),
                                    ],
                                    else_block: None,
                                    span: 5506..5552,
                                },
                            ),
                            Assign {
                                target: Field {
                                    base: Ident(
                                        Ident {
                                            name: "p",
                                            span: 5557..5558,
                                        },
                                    ),
                                    field: Ident {
                                        name: "at",
                                        span: 5559..5561,
                                    },
                                    span: 5557..5561,
                                },
                                value: Binary {
                                    op: Add,
                                    lhs: Field {
                                        base: Ident(
                                            Ident {
                                                name: "p",
                                                span: 5564..5565,
                                            },
                                        ),
                                        field: Ident {
                                            name: "at",
                                            span: 5566..5568,
                                        },
                                        span: 5564..5568,
                                    },
                                    rhs: Int {
                                        value: 1,
                                        long: false,
                                        span: 5571..5572,
                                    },
                                    span: 5564..5572,
                                },
                                span: 5557..5572,
                            },
                            Expr(
                                Return {
                                    value: Some(
                                        Call {
                                            callee: Ident(
                                                Ident {
                                                    name: "emitted",
                                                    span: 5584..5591,
                                                },
                                            ),
                                            type_args: [],
                                            args: [
                                                Ident(
                                                    Ident {
                                                        name: "b",
                                                        span: 5592..5593,
                                                    },
                                                ),
                                            ],
                                            named: [],
                                            span: 5584..5594,
                                        },
                                    ),
                                    span: 5577..5594,
                                },
                            ),
                        ],
                        span: 5470..5596,
                    },
                ),
                span: 5403..5596,
            },
        ),
    ],
}
