---
source: crates/salvo-syntax/tests/parser_tests.rs
expression: "parse_clean(&std_core(\"basic.sv\"))"
---
Module {
    items: [
        Type(
            TypeDecl {
                backing: Some(
                    Internal,
                ),
                name: Ident {
                    name: "Byte",
                    span: 14..18,
                },
                generics: [],
                auto_qualifiers: [],
                alias: None,
                span: 9..18,
            },
        ),
        Type(
            TypeDecl {
                backing: Some(
                    Internal,
                ),
                name: Ident {
                    name: "Int",
                    span: 33..36,
                },
                generics: [],
                auto_qualifiers: [],
                alias: None,
                span: 28..36,
            },
        ),
        Type(
            TypeDecl {
                backing: Some(
                    Internal,
                ),
                name: Ident {
                    name: "Long",
                    span: 51..55,
                },
                generics: [],
                auto_qualifiers: [],
                alias: None,
                span: 46..55,
            },
        ),
        Type(
            TypeDecl {
                backing: Some(
                    Internal,
                ),
                name: Ident {
                    name: "Float",
                    span: 70..75,
                },
                generics: [],
                auto_qualifiers: [],
                alias: None,
                span: 65..75,
            },
        ),
        Type(
            TypeDecl {
                backing: Some(
                    Internal,
                ),
                name: Ident {
                    name: "Double",
                    span: 90..96,
                },
                generics: [],
                auto_qualifiers: [],
                alias: None,
                span: 85..96,
            },
        ),
        Type(
            TypeDecl {
                backing: Some(
                    Internal,
                ),
                name: Ident {
                    name: "Char",
                    span: 111..115,
                },
                generics: [],
                auto_qualifiers: [],
                alias: None,
                span: 106..115,
            },
        ),
        Type(
            TypeDecl {
                backing: Some(
                    Internal,
                ),
                name: Ident {
                    name: "Bool",
                    span: 130..134,
                },
                generics: [],
                auto_qualifiers: [],
                alias: None,
                span: 125..134,
            },
        ),
        Type(
            TypeDecl {
                backing: Some(
                    Internal,
                ),
                name: Ident {
                    name: "Any",
                    span: 149..152,
                },
                generics: [],
                auto_qualifiers: [],
                alias: None,
                span: 144..152,
            },
        ),
        Type(
            TypeDecl {
                backing: Some(
                    Internal,
                ),
                name: Ident {
                    name: "Nothing",
                    span: 167..174,
                },
                generics: [],
                auto_qualifiers: [],
                alias: None,
                span: 162..174,
            },
        ),
        Type(
            TypeDecl {
                backing: Some(
                    Internal,
                ),
                name: Ident {
                    name: "Iter",
                    span: 253..257,
                },
                generics: [
                    Ident {
                        name: "T",
                        span: 258..259,
                    },
                ],
                auto_qualifiers: [],
                alias: None,
                span: 248..257,
            },
        ),
        Type(
            TypeDecl {
                backing: None,
                name: Ident {
                    name: "Number",
                    span: 267..273,
                },
                generics: [],
                auto_qualifiers: [],
                alias: Some(
                    Union {
                        arms: [
                            Named {
                                qualifiers: [],
                                base: TypeRef {
                                    name: Ident {
                                        name: "Int",
                                        span: 276..279,
                                    },
                                    args: [],
                                    span: 276..279,
                                },
                            },
                            Named {
                                qualifiers: [],
                                base: TypeRef {
                                    name: Ident {
                                        name: "Long",
                                        span: 282..286,
                                    },
                                    args: [],
                                    span: 282..286,
                                },
                            },
                            Named {
                                qualifiers: [],
                                base: TypeRef {
                                    name: Ident {
                                        name: "Double",
                                        span: 289..295,
                                    },
                                    args: [],
                                    span: 289..295,
                                },
                            },
                            Named {
                                qualifiers: [],
                                base: TypeRef {
                                    name: Ident {
                                        name: "Float",
                                        span: 298..303,
                                    },
                                    args: [],
                                    span: 298..303,
                                },
                            },
                        ],
                        span: 276..303,
                    },
                ),
                span: 262..303,
            },
        ),
        Fn(
            FnDecl {
                backing: Some(
                    Internal,
                ),
                name: Ident {
                    name: "copy",
                    span: 654..658,
                },
                generics: [
                    Ident {
                        name: "T",
                        span: 659..660,
                    },
                ],
                generic_canbe: [],
                derived_return: None,
                params: [
                    Param {
                        name: Ident {
                            name: "value",
                            span: 662..667,
                        },
                        ty: Named {
                            qualifiers: [],
                            base: TypeRef {
                                name: Ident {
                                    name: "T",
                                    span: 669..670,
                                },
                                args: [],
                                span: 669..670,
                            },
                        },
                        variadic: false,
                        span: 662..670,
                    },
                ],
                effects: Some(
                    [],
                ),
                deductions: Some(
                    [
                        Deduction {
                            param: Ident {
                                name: "value",
                                span: 679..684,
                            },
                            kind: KeepAll,
                            span: 679..684,
                        },
                    ],
                ),
                return_type: Some(
                    Named {
                        qualifiers: [],
                        base: TypeRef {
                            name: Ident {
                                name: "T",
                                span: 686..687,
                            },
                            args: [],
                            span: 686..687,
                        },
                    },
                ),
                constructs: None,
                body: None,
                span: 651..687,
            },
        ),
        Fn(
            FnDecl {
                backing: Some(
                    Internal,
                ),
                name: Ident {
                    name: "discard",
                    span: 949..956,
                },
                generics: [
                    Ident {
                        name: "T",
                        span: 957..958,
                    },
                ],
                generic_canbe: [
                    (
                        Ident {
                            name: "T",
                            span: 957..958,
                        },
                        TypeRef {
                            name: Ident {
                                name: "Linear",
                                span: 965..971,
                            },
                            args: [],
                            span: 965..971,
                        },
                    ),
                ],
                derived_return: None,
                params: [
                    Param {
                        name: Ident {
                            name: "value",
                            span: 973..978,
                        },
                        ty: Named {
                            qualifiers: [],
                            base: TypeRef {
                                name: Ident {
                                    name: "T",
                                    span: 980..981,
                                },
                                args: [],
                                span: 980..981,
                            },
                        },
                        variadic: false,
                        span: 973..981,
                    },
                ],
                effects: Some(
                    [],
                ),
                deductions: Some(
                    [],
                ),
                return_type: Some(
                    Named {
                        qualifiers: [],
                        base: TypeRef {
                            name: Ident {
                                name: "None",
                                span: 992..996,
                            },
                            args: [],
                            span: 992..996,
                        },
                    },
                ),
                constructs: None,
                body: None,
                span: 946..996,
            },
        ),
    ],
}
