---
source: crates/salvo-syntax/tests/parser_tests.rs
expression: "parse_clean(&corpus(\"imports.sv\"))"
---
Module {
    items: [
        Import(
            ImportDecl {
                path: [
                    Ident {
                        name: "random",
                        span: 7..13,
                    },
                    Ident {
                        name: "Random",
                        span: 14..20,
                    },
                ],
                alias: None,
                span: 0..20,
            },
        ),
        Import(
            ImportDecl {
                path: [
                    Ident {
                        name: "list",
                        span: 28..32,
                    },
                    Ident {
                        name: "add",
                        span: 33..36,
                    },
                ],
                alias: None,
                span: 21..36,
            },
        ),
        Import(
            ImportDecl {
                path: [
                    Ident {
                        name: "list",
                        span: 44..48,
                    },
                    Ident {
                        name: "ext",
                        span: 49..52,
                    },
                    Ident {
                        name: "add",
                        span: 53..56,
                    },
                ],
                alias: Some(
                    Ident {
                        name: "ext_add",
                        span: 60..67,
                    },
                ),
                span: 37..67,
            },
        ),
        Import(
            ImportDecl {
                path: [
                    Ident {
                        name: "core",
                        span: 75..79,
                    },
                    Ident {
                        name: "Str",
                        span: 80..83,
                    },
                ],
                alias: None,
                span: 68..83,
            },
        ),
        Fn(
            FnDecl {
                docs: [
                    "[intrinsic-fn] A compiler-intrinsic fn: declared for its signature and",
                    "deduction; each backend lowers calls to it directly from a table keyed by",
                    "name.",
                ],
                intrinsic: true,
                name: Ident {
                    name: "copy",
                    span: 258..262,
                },
                generics: [
                    Ident {
                        name: "T",
                        span: 263..264,
                    },
                ],
                generic_canbe: [],
                derived_return: None,
                params: [
                    Param {
                        name: Ident {
                            name: "value",
                            span: 266..271,
                        },
                        ty: Named {
                            qualifiers: [],
                            base: TypeRef {
                                name: Ident {
                                    name: "T",
                                    span: 273..274,
                                },
                                args: [],
                                span: 273..274,
                            },
                        },
                        variadic: false,
                        span: 266..274,
                    },
                ],
                effects: Some(
                    [],
                ),
                deductions: Some(
                    [
                        Deduction {
                            param: Ident {
                                name: "value",
                                span: 283..288,
                            },
                            kind: KeepAll,
                            span: 283..288,
                        },
                    ],
                ),
                return_type: Some(
                    Named {
                        qualifiers: [],
                        base: TypeRef {
                            name: Ident {
                                name: "T",
                                span: 290..291,
                            },
                            args: [],
                            span: 290..291,
                        },
                    },
                ),
                constructs: None,
                body: None,
                span: 255..291,
            },
        ),
        Fn(
            FnDecl {
                docs: [],
                intrinsic: false,
                name: Ident {
                    name: "chars",
                    span: 296..301,
                },
                generics: [],
                generic_canbe: [],
                derived_return: None,
                params: [
                    Param {
                        name: Ident {
                            name: "str",
                            span: 302..305,
                        },
                        ty: Named {
                            qualifiers: [],
                            base: TypeRef {
                                name: Ident {
                                    name: "Str",
                                    span: 307..310,
                                },
                                args: [],
                                span: 307..310,
                            },
                        },
                        variadic: false,
                        span: 302..310,
                    },
                ],
                effects: Some(
                    [],
                ),
                deductions: Some(
                    [
                        Deduction {
                            param: Ident {
                                name: "str",
                                span: 319..322,
                            },
                            kind: KeepAll,
                            span: 319..322,
                        },
                    ],
                ),
                return_type: Some(
                    Array {
                        elem: Named {
                            qualifiers: [],
                            base: TypeRef {
                                name: Ident {
                                    name: "Char",
                                    span: 324..328,
                                },
                                args: [],
                                span: 324..328,
                            },
                        },
                        span: 324..330,
                    },
                ),
                constructs: None,
                body: Some(
                    Block {
                        stmts: [
                            Return {
                                value: Some(
                                    ArrayLit {
                                        elems: [],
                                        span: 344..346,
                                    },
                                ),
                                span: 337..346,
                            },
                        ],
                        span: 331..348,
                    },
                ),
                span: 293..348,
            },
        ),
        Fn(
            FnDecl {
                docs: [],
                intrinsic: false,
                name: Ident {
                    name: "complicated_func",
                    span: 353..369,
                },
                generics: [
                    Ident {
                        name: "T",
                        span: 370..371,
                    },
                ],
                generic_canbe: [],
                derived_return: None,
                params: [
                    Param {
                        name: Ident {
                            name: "list",
                            span: 373..377,
                        },
                        ty: Named {
                            qualifiers: [],
                            base: TypeRef {
                                name: Ident {
                                    name: "List",
                                    span: 379..383,
                                },
                                args: [
                                    Named {
                                        qualifiers: [],
                                        base: TypeRef {
                                            name: Ident {
                                                name: "T",
                                                span: 384..385,
                                            },
                                            args: [],
                                            span: 384..385,
                                        },
                                    },
                                ],
                                span: 379..386,
                            },
                        },
                        variadic: false,
                        span: 373..386,
                    },
                ],
                effects: Some(
                    [],
                ),
                deductions: Some(
                    [
                        Deduction {
                            param: Ident {
                                name: "list",
                                span: 395..399,
                            },
                            kind: KeepAll,
                            span: 395..399,
                        },
                    ],
                ),
                return_type: Some(
                    Named {
                        qualifiers: [],
                        base: TypeRef {
                            name: Ident {
                                name: "Str",
                                span: 401..404,
                            },
                            args: [],
                            span: 401..404,
                        },
                    },
                ),
                constructs: None,
                body: Some(
                    Block {
                        stmts: [
                            Return {
                                value: Some(
                                    Str {
                                        parts: [
                                            Text(
                                                "",
                                            ),
                                        ],
                                        span: 418..420,
                                    },
                                ),
                                span: 411..420,
                            },
                        ],
                        span: 405..422,
                    },
                ),
                span: 350..422,
            },
        ),
    ],
}
