---
source: crates/salvo-syntax/tests/parser_tests.rs
expression: "parse_clean(&corpus(\"effects.sv\"))"
---
Module {
    items: [
        Effect(
            EffectDecl {
                docs: [],
                name: Ident {
                    name: "Random",
                    span: 7..13,
                },
                generics: [
                    Ident {
                        name: "T",
                        span: 14..15,
                    },
                ],
                fns: [
                    FnDecl {
                        docs: [],
                        backing: None,
                        name: Ident {
                            name: "next_random",
                            span: 26..37,
                        },
                        generics: [],
                        generic_canbe: [],
                        derived_return: None,
                        params: [],
                        effects: None,
                        deductions: Some(
                            [],
                        ),
                        return_type: Some(
                            Named {
                                qualifiers: [],
                                base: TypeRef {
                                    name: Ident {
                                        name: "T",
                                        span: 46..47,
                                    },
                                    args: [],
                                    span: 46..47,
                                },
                            },
                        ),
                        constructs: None,
                        body: None,
                        span: 23..47,
                    },
                ],
                span: 0..49,
            },
        ),
        Effect(
            EffectDecl {
                docs: [],
                name: Ident {
                    name: "Console",
                    span: 58..65,
                },
                generics: [],
                fns: [
                    FnDecl {
                        docs: [],
                        backing: None,
                        name: Ident {
                            name: "println",
                            span: 75..82,
                        },
                        generics: [],
                        generic_canbe: [],
                        derived_return: None,
                        params: [
                            Param {
                                name: Ident {
                                    name: "message",
                                    span: 83..90,
                                },
                                ty: Named {
                                    qualifiers: [],
                                    base: TypeRef {
                                        name: Ident {
                                            name: "Str",
                                            span: 92..95,
                                        },
                                        args: [],
                                        span: 92..95,
                                    },
                                },
                                variadic: false,
                                span: 83..95,
                            },
                        ],
                        effects: None,
                        deductions: Some(
                            [
                                Deduction {
                                    param: Ident {
                                        name: "message",
                                        span: 101..108,
                                    },
                                    kind: KeepAll,
                                    span: 101..108,
                                },
                            ],
                        ),
                        return_type: Some(
                            Named {
                                qualifiers: [],
                                base: TypeRef {
                                    name: Ident {
                                        name: "None",
                                        span: 110..114,
                                    },
                                    args: [],
                                    span: 110..114,
                                },
                            },
                        ),
                        constructs: None,
                        body: None,
                        span: 72..114,
                    },
                ],
                span: 51..116,
            },
        ),
        Handler(
            HandlerDecl {
                docs: [],
                backing: None,
                name: Ident {
                    name: "CyclicRandom",
                    span: 126..138,
                },
                generics: [
                    Ident {
                        name: "T",
                        span: 139..140,
                    },
                ],
                params: [
                    Param {
                        name: Ident {
                            name: "values",
                            span: 142..148,
                        },
                        ty: Array {
                            elem: Named {
                                qualifiers: [],
                                base: TypeRef {
                                    name: Ident {
                                        name: "T",
                                        span: 150..151,
                                    },
                                    args: [],
                                    span: 150..151,
                                },
                            },
                            span: 150..153,
                        },
                        variadic: false,
                        span: 142..153,
                    },
                ],
                of: Named {
                    qualifiers: [],
                    base: TypeRef {
                        name: Ident {
                            name: "Random",
                            span: 158..164,
                        },
                        args: [
                            Named {
                                qualifiers: [],
                                base: TypeRef {
                                    name: Ident {
                                        name: "T",
                                        span: 165..166,
                                    },
                                    args: [],
                                    span: 165..166,
                                },
                            },
                        ],
                        span: 158..167,
                    },
                },
                state: [
                    FieldDecl {
                        docs: [],
                        name: Ident {
                            name: "i",
                            span: 174..175,
                        },
                        ty: Named {
                            qualifiers: [],
                            base: TypeRef {
                                name: Ident {
                                    name: "Int",
                                    span: 177..180,
                                },
                                args: [],
                                span: 177..180,
                            },
                        },
                        default: Some(
                            Int {
                                value: 0,
                                long: false,
                                span: 183..184,
                            },
                        ),
                        span: 174..184,
                    },
                ],
                fns: [
                    FnDecl {
                        docs: [],
                        backing: None,
                        name: Ident {
                            name: "next_random",
                            span: 193..204,
                        },
                        generics: [],
                        generic_canbe: [],
                        derived_return: None,
                        params: [],
                        effects: None,
                        deductions: None,
                        return_type: Some(
                            Named {
                                qualifiers: [],
                                base: TypeRef {
                                    name: Ident {
                                        name: "T",
                                        span: 210..211,
                                    },
                                    args: [],
                                    span: 210..211,
                                },
                            },
                        ),
                        constructs: None,
                        body: Some(
                            Block {
                                stmts: [
                                    Assign {
                                        target: Ident(
                                            Ident {
                                                name: "i",
                                                span: 222..223,
                                            },
                                        ),
                                        value: Binary {
                                            op: Rem,
                                            lhs: Binary {
                                                op: Add,
                                                lhs: Ident(
                                                    Ident {
                                                        name: "i",
                                                        span: 227..228,
                                                    },
                                                ),
                                                rhs: Int {
                                                    value: 1,
                                                    long: false,
                                                    span: 231..232,
                                                },
                                                span: 227..232,
                                            },
                                            rhs: Call {
                                                callee: Field {
                                                    base: Ident(
                                                        Ident {
                                                            name: "values",
                                                            span: 236..242,
                                                        },
                                                    ),
                                                    field: Ident {
                                                        name: "size",
                                                        span: 243..247,
                                                    },
                                                    span: 236..247,
                                                },
                                                type_args: [],
                                                args: [],
                                                span: 236..249,
                                            },
                                            span: 227..249,
                                        },
                                        span: 222..249,
                                    },
                                    Return {
                                        value: Some(
                                            Index {
                                                base: Ident(
                                                    Ident {
                                                        name: "values",
                                                        span: 265..271,
                                                    },
                                                ),
                                                index: Ident(
                                                    Ident {
                                                        name: "i",
                                                        span: 272..273,
                                                    },
                                                ),
                                                span: 265..274,
                                            },
                                        ),
                                        span: 258..274,
                                    },
                                ],
                                span: 212..280,
                            },
                        ),
                        span: 190..280,
                    },
                ],
                span: 118..282,
            },
        ),
        Handler(
            HandlerDecl {
                docs: [],
                backing: Some(
                    External,
                ),
                name: Ident {
                    name: "StdOutConsole",
                    span: 301..314,
                },
                generics: [],
                params: [],
                of: Named {
                    qualifiers: [],
                    base: TypeRef {
                        name: Ident {
                            name: "Console",
                            span: 318..325,
                        },
                        args: [],
                        span: 318..325,
                    },
                },
                state: [],
                fns: [],
                span: 293..325,
            },
        ),
        Fn(
            FnDecl {
                docs: [],
                backing: None,
                name: Ident {
                    name: "main",
                    span: 330..334,
                },
                generics: [],
                generic_canbe: [],
                derived_return: None,
                params: [],
                effects: Some(
                    [
                        Use(
                            338..341,
                        ),
                    ],
                ),
                deductions: Some(
                    [],
                ),
                return_type: Some(
                    Named {
                        qualifiers: [],
                        base: TypeRef {
                            name: Ident {
                                name: "None",
                                span: 349..353,
                            },
                            args: [],
                            span: 349..353,
                        },
                    },
                ),
                constructs: None,
                body: Some(
                    Block {
                        stmts: [
                            Use {
                                handler: Call {
                                    callee: Ident(
                                        Ident {
                                            name: "CyclicRandom",
                                            span: 364..376,
                                        },
                                    ),
                                    type_args: [],
                                    args: [
                                        ArrayLit {
                                            elems: [
                                                Int {
                                                    value: 1,
                                                    long: false,
                                                    span: 378..379,
                                                },
                                                Int {
                                                    value: 2,
                                                    long: false,
                                                    span: 381..382,
                                                },
                                                Int {
                                                    value: 3,
                                                    long: false,
                                                    span: 384..385,
                                                },
                                                Int {
                                                    value: 4,
                                                    long: false,
                                                    span: 387..388,
                                                },
                                            ],
                                            span: 377..389,
                                        },
                                    ],
                                    span: 364..390,
                                },
                                span: 360..390,
                            },
                            Let {
                                pattern: Ident(
                                    Ident {
                                        name: "num",
                                        span: 399..402,
                                    },
                                ),
                                ty: None,
                                value: Call {
                                    callee: Ident(
                                        Ident {
                                            name: "next_random",
                                            span: 405..416,
                                        },
                                    ),
                                    type_args: [],
                                    args: [],
                                    span: 405..418,
                                },
                                span: 395..418,
                            },
                        ],
                        span: 354..420,
                    },
                ),
                span: 327..420,
            },
        ),
        Fn(
            FnDecl {
                docs: [],
                backing: None,
                name: Ident {
                    name: "age_prediction",
                    span: 425..439,
                },
                generics: [],
                generic_canbe: [],
                derived_return: None,
                params: [
                    Param {
                        name: Ident {
                            name: "person",
                            span: 440..446,
                        },
                        ty: Named {
                            qualifiers: [
                                TypeRef {
                                    name: Ident {
                                        name: "Surname",
                                        span: 448..455,
                                    },
                                    args: [],
                                    span: 448..455,
                                },
                            ],
                            base: TypeRef {
                                name: Ident {
                                    name: "Person",
                                    span: 456..462,
                                },
                                args: [],
                                span: 456..462,
                            },
                        },
                        variadic: false,
                        span: 440..462,
                    },
                ],
                effects: Some(
                    [
                        Effect(
                            TypeRef {
                                name: Ident {
                                    name: "Random",
                                    span: 465..471,
                                },
                                args: [
                                    Named {
                                        qualifiers: [],
                                        base: TypeRef {
                                            name: Ident {
                                                name: "Int",
                                                span: 472..475,
                                            },
                                            args: [],
                                            span: 472..475,
                                        },
                                    },
                                ],
                                span: 465..476,
                            },
                        ),
                        Effect(
                            TypeRef {
                                name: Ident {
                                    name: "Console",
                                    span: 478..485,
                                },
                                args: [],
                                span: 478..485,
                            },
                        ),
                    ],
                ),
                deductions: Some(
                    [
                        Deduction {
                            param: Ident {
                                name: "person",
                                span: 491..497,
                            },
                            kind: KeepAll,
                            span: 491..497,
                        },
                    ],
                ),
                return_type: Some(
                    Named {
                        qualifiers: [],
                        base: TypeRef {
                            name: Ident {
                                name: "None",
                                span: 499..503,
                            },
                            args: [],
                            span: 499..503,
                        },
                    },
                ),
                constructs: None,
                body: Some(
                    Block {
                        stmts: [
                            Let {
                                pattern: Ident(
                                    Ident {
                                        name: "years",
                                        span: 514..519,
                                    },
                                ),
                                ty: Some(
                                    Named {
                                        qualifiers: [],
                                        base: TypeRef {
                                            name: Ident {
                                                name: "Int",
                                                span: 521..524,
                                            },
                                            args: [],
                                            span: 521..524,
                                        },
                                    },
                                ),
                                value: Call {
                                    callee: Ident(
                                        Ident {
                                            name: "next_random",
                                            span: 527..538,
                                        },
                                    ),
                                    type_args: [],
                                    args: [],
                                    span: 527..540,
                                },
                                span: 510..540,
                            },
                            Expr(
                                Call {
                                    callee: Ident(
                                        Ident {
                                            name: "println",
                                            span: 545..552,
                                        },
                                    ),
                                    type_args: [],
                                    args: [
                                        Str {
                                            parts: [
                                                Text(
                                                    "In ",
                                                ),
                                                Interp(
                                                    Ident(
                                                        Ident {
                                                            name: "years",
                                                            span: 559..564,
                                                        },
                                                    ),
                                                ),
                                                Text(
                                                    " years, ",
                                                ),
                                                Interp(
                                                    Call {
                                                        callee: Ident(
                                                            Ident {
                                                                name: "full_name",
                                                                span: 575..584,
                                                            },
                                                        ),
                                                        type_args: [],
                                                        args: [
                                                            Ident(
                                                                Ident {
                                                                    name: "person",
                                                                    span: 585..591,
                                                                },
                                                            ),
                                                        ],
                                                        span: 575..592,
                                                    },
                                                ),
                                                Text(
                                                    " will be ",
                                                ),
                                                Interp(
                                                    Binary {
                                                        op: Add,
                                                        lhs: Field {
                                                            base: Ident(
                                                                Ident {
                                                                    name: "person",
                                                                    span: 604..610,
                                                                },
                                                            ),
                                                            field: Ident {
                                                                name: "age",
                                                                span: 611..614,
                                                            },
                                                            span: 604..614,
                                                        },
                                                        rhs: Ident(
                                                            Ident {
                                                                name: "years",
                                                                span: 617..622,
                                                            },
                                                        ),
                                                        span: 604..622,
                                                    },
                                                ),
                                            ],
                                            span: 553..624,
                                        },
                                    ],
                                    span: 545..625,
                                },
                            ),
                        ],
                        span: 504..627,
                    },
                ),
                span: 422..627,
            },
        ),
        Fn(
            FnDecl {
                docs: [
                    "[abort] A fn that may leave early declares the effect and keeps its own",
                    "return type; `abort` returns `Nothing`, so nothing after it runs.",
                ],
                backing: None,
                name: Ident {
                    name: "parse_length",
                    span: 776..788,
                },
                generics: [],
                generic_canbe: [],
                derived_return: None,
                params: [
                    Param {
                        name: Ident {
                            name: "line",
                            span: 789..793,
                        },
                        ty: Named {
                            qualifiers: [],
                            base: TypeRef {
                                name: Ident {
                                    name: "Str",
                                    span: 795..798,
                                },
                                args: [],
                                span: 795..798,
                            },
                        },
                        variadic: false,
                        span: 789..798,
                    },
                ],
                effects: Some(
                    [
                        Effect(
                            TypeRef {
                                name: Ident {
                                    name: "Abort",
                                    span: 801..806,
                                },
                                args: [
                                    Named {
                                        qualifiers: [],
                                        base: TypeRef {
                                            name: Ident {
                                                name: "Str",
                                                span: 807..810,
                                            },
                                            args: [],
                                            span: 807..810,
                                        },
                                    },
                                ],
                                span: 801..811,
                            },
                        ),
                    ],
                ),
                deductions: None,
                return_type: Some(
                    Named {
                        qualifiers: [],
                        base: TypeRef {
                            name: Ident {
                                name: "Int",
                                span: 816..819,
                            },
                            args: [],
                            span: 816..819,
                        },
                    },
                ),
                constructs: None,
                body: Some(
                    Block {
                        stmts: [
                            Expr(
                                If {
                                    branches: [
                                        (
                                            Binary {
                                                op: Eq,
                                                lhs: Call {
                                                    callee: Ident(
                                                        Ident {
                                                            name: "size",
                                                            span: 829..833,
                                                        },
                                                    ),
                                                    type_args: [],
                                                    args: [
                                                        Ident(
                                                            Ident {
                                                                name: "line",
                                                                span: 834..838,
                                                            },
                                                        ),
                                                    ],
                                                    span: 829..839,
                                                },
                                                rhs: Int {
                                                    value: 0,
                                                    long: false,
                                                    span: 843..844,
                                                },
                                                span: 829..844,
                                            },
                                            Block {
                                                stmts: [
                                                    Expr(
                                                        Call {
                                                            callee: Ident(
                                                                Ident {
                                                                    name: "abort",
                                                                    span: 855..860,
                                                                },
                                                            ),
                                                            type_args: [],
                                                            args: [
                                                                Str {
                                                                    parts: [
                                                                        Text(
                                                                            "empty line",
                                                                        ),
                                                                    ],
                                                                    span: 861..873,
                                                                },
                                                            ],
                                                            span: 855..874,
                                                        },
                                                    ),
                                                ],
                                                span: 845..880,
                                            },
                                        ),
                                    ],
                                    else_block: None,
                                    span: 826..880,
                                },
                            ),
                            Return {
                                value: Some(
                                    Call {
                                        callee: Ident(
                                            Ident {
                                                name: "size",
                                                span: 892..896,
                                            },
                                        ),
                                        type_args: [],
                                        args: [
                                            Ident(
                                                Ident {
                                                    name: "line",
                                                    span: 897..901,
                                                },
                                            ),
                                        ],
                                        span: 892..902,
                                    },
                                ),
                                span: 885..902,
                            },
                        ],
                        span: 820..904,
                    },
                ),
                span: 773..904,
            },
        ),
        Fn(
            FnDecl {
                docs: [
                    "[try] The delimiter is an intrinsic expression whose value is an ordinary",
                    "union: `Ok Int | Aborted Str`.",
                ],
                backing: None,
                name: Ident {
                    name: "describe_length",
                    span: 1020..1035,
                },
                generics: [],
                generic_canbe: [],
                derived_return: None,
                params: [
                    Param {
                        name: Ident {
                            name: "line",
                            span: 1036..1040,
                        },
                        ty: Named {
                            qualifiers: [],
                            base: TypeRef {
                                name: Ident {
                                    name: "Str",
                                    span: 1042..1045,
                                },
                                args: [],
                                span: 1042..1045,
                            },
                        },
                        variadic: false,
                        span: 1036..1045,
                    },
                ],
                effects: Some(
                    [
                        Effect(
                            TypeRef {
                                name: Ident {
                                    name: "Console",
                                    span: 1048..1055,
                                },
                                args: [],
                                span: 1048..1055,
                            },
                        ),
                    ],
                ),
                deductions: None,
                return_type: Some(
                    Named {
                        qualifiers: [],
                        base: TypeRef {
                            name: Ident {
                                name: "None",
                                span: 1060..1064,
                            },
                            args: [],
                            span: 1060..1064,
                        },
                    },
                ),
                constructs: None,
                body: Some(
                    Block {
                        stmts: [
                            Let {
                                pattern: Ident(
                                    Ident {
                                        name: "outcome",
                                        span: 1075..1082,
                                    },
                                ),
                                ty: None,
                                value: Try {
                                    body: Block {
                                        stmts: [
                                            Expr(
                                                Call {
                                                    callee: Ident(
                                                        Ident {
                                                            name: "parse_length",
                                                            span: 1099..1111,
                                                        },
                                                    ),
                                                    type_args: [],
                                                    args: [
                                                        Ident(
                                                            Ident {
                                                                name: "line",
                                                                span: 1112..1116,
                                                            },
                                                        ),
                                                    ],
                                                    span: 1099..1117,
                                                },
                                            ),
                                        ],
                                        span: 1089..1123,
                                    },
                                    span: 1085..1123,
                                },
                                span: 1071..1123,
                            },
                            Expr(
                                When {
                                    subject: Ident(
                                        Ident {
                                            name: "outcome",
                                            span: 1133..1140,
                                        },
                                    ),
                                    branches: [
                                        WhenBranch {
                                            check: [
                                                TypeRef {
                                                    name: Ident {
                                                        name: "Ok",
                                                        span: 1154..1156,
                                                    },
                                                    args: [],
                                                    span: 1154..1156,
                                                },
                                            ],
                                            binding: None,
                                            widen: false,
                                            body: Block {
                                                stmts: [
                                                    Expr(
                                                        Call {
                                                            callee: Ident(
                                                                Ident {
                                                                    name: "println",
                                                                    span: 1171..1178,
                                                                },
                                                            ),
                                                            type_args: [],
                                                            args: [
                                                                Str {
                                                                    parts: [
                                                                        Text(
                                                                            "length ",
                                                                        ),
                                                                        Interp(
                                                                            Ident(
                                                                                Ident {
                                                                                    name: "outcome",
                                                                                    span: 1189..1196,
                                                                                },
                                                                            ),
                                                                        ),
                                                                    ],
                                                                    span: 1179..1198,
                                                                },
                                                            ],
                                                            span: 1171..1199,
                                                        },
                                                    ),
                                                ],
                                                span: 1157..1209,
                                            },
                                            span: 1151..1209,
                                        },
                                        WhenBranch {
                                            check: [
                                                TypeRef {
                                                    name: Ident {
                                                        name: "Aborted",
                                                        span: 1221..1228,
                                                    },
                                                    args: [],
                                                    span: 1221..1228,
                                                },
                                            ],
                                            binding: None,
                                            widen: false,
                                            body: Block {
                                                stmts: [
                                                    Expr(
                                                        Call {
                                                            callee: Ident(
                                                                Ident {
                                                                    name: "println",
                                                                    span: 1243..1250,
                                                                },
                                                            ),
                                                            type_args: [],
                                                            args: [
                                                                Str {
                                                                    parts: [
                                                                        Text(
                                                                            "could not parse: ",
                                                                        ),
                                                                        Interp(
                                                                            Ident(
                                                                                Ident {
                                                                                    name: "outcome",
                                                                                    span: 1271..1278,
                                                                                },
                                                                            ),
                                                                        ),
                                                                    ],
                                                                    span: 1251..1280,
                                                                },
                                                            ],
                                                            span: 1243..1281,
                                                        },
                                                    ),
                                                ],
                                                span: 1229..1291,
                                            },
                                            span: 1218..1291,
                                        },
                                    ],
                                    span: 1128..1297,
                                },
                            ),
                        ],
                        span: 1065..1299,
                    },
                ),
                span: 1017..1299,
            },
        ),
    ],
}
