---
source: crates/salvo-backend-kotlin/tests/codegen_tests.rs
expression: combined
---
// ===== core/array.kt =====
package salvo.core.array

import salvo.*
import salvo.core.iterator.*
import salvo.core.list.*
import salvo.core.map.*
import salvo.core.sorted.*

fun<T> iter(array: Array<T>): ArrayYield<T> {
    return ArrayYield(items = array, at = 0)
}

data class ArrayYield<T>(
    var items: Array<T>,
    var at: Int,
)

fun<T> next(p: ArrayYield<T>): Union2<T, Finished> {
    val elem = p.items.getOrNull(p.at)
    if (elem == null) {
        return U2_2<T, Finished>(finished())
    }
    p.at = p.at + 1
    return U2_1<T, Finished>(emitted(elem))
}

// ===== core/console.kt =====
package salvo.core.console

import salvo.core.string.*

interface Console {
    fun print(message: String)
}

class StdOutConsole : Console {
    override fun print(message: String) {
        kotlin.io.print(message)
    }
}

fun println(console: Console, message: String) {
    console.print(message)
    console.print("\n")
}

// ===== core/iterator.kt =====
package salvo.core.iterator

class Finished

fun<T> emitted(value: T): T {
    return value
}

fun finished(): Finished {
    return Finished()
}

// ===== core/list.kt =====
package salvo.core.list

import salvo.*
import salvo.core.array.*
import salvo.core.iterator.*
import salvo.core.map.*
import salvo.core.nonempty.*
import salvo.core.set.*
import salvo.core.sorted.*
import salvo.core.string.*

fun<T> NonEmpty_qualifies(list: List<T>): Boolean {
    return list.size > 0
}

fun<T> non_empty_list(first: T, rest: Array<T>): List<T> {
    return listOf<T>(first, *rest)
}

fun<T> first(list: List<T>): T {
    return list.getOrNull(0)!!
}

fun<T> iter__2(list: List<T>): ListYield<T> {
    return ListYield(items = list, at = 0)
}

data class ListYield<T>(
    var items: List<T>,
    var at: Int,
)

fun<T> next__3(p: ListYield<T>): Union2<T, Finished> {
    val elem = p.items.getOrNull(p.at)
    if (elem == null) {
        return U2_2<T, Finished>(finished())
    }
    p.at = p.at + 1
    return U2_1<T, Finished>(emitted(elem))
}

// ===== core/map.kt =====
package salvo.core.map

import salvo.*
import salvo.core.iterator.*
import salvo.core.list.*
import salvo.core.seq.*
import salvo.core.set.*
import salvo.core.sorted.*
import salvo.core.string.*

fun<K, V> iter__3(map: Map<K, V>): MapKeyYield<K> {
    return MapKeyYield(items = map.keys.toMutableList(), at = 0)
}

data class MapKeyYield<K>(
    var items: List<K>,
    var at: Int,
)

fun<K> next__4(p: MapKeyYield<K>): Union2<K, Finished> {
    val key = p.items.getOrNull(p.at)
    if (key == null) {
        return U2_2<K, Finished>(finished())
    }
    p.at = p.at + 1
    return U2_1<K, Finished>(emitted(key))
}

// ===== core/nonempty.kt =====
package salvo.core.nonempty

import salvo.core.array.*
import salvo.core.list.*
import salvo.core.map.*
import salvo.core.seq.*
import salvo.core.set.*
import salvo.core.sorted.*
import salvo.core.string.*

fun<T> NonEmpty_qualifies(set: Set<T>): Boolean {
    return set.size > 0
}

fun<K, V> NonEmpty_qualifies(map: Map<K, V>): Boolean {
    return map.size > 0
}

fun<T> NonEmpty_qualifies(set: java.util.SortedSet<T>): Boolean {
    return set.size > 0
}

fun<K, V> NonEmpty_qualifies(map: java.util.SortedMap<K, V>): Boolean {
    return map.size > 0
}

fun<T> min(set: java.util.SortedSet<T>): T {
    return set.firstOrNull()!!
}

fun<T> max(set: java.util.SortedSet<T>): T {
    return set.lastOrNull()!!
}

fun<K, V> first_key(map: java.util.SortedMap<K, V>): K {
    return map.keys.firstOrNull()!!
}

fun<K, V> last_key(map: java.util.SortedMap<K, V>): K {
    return map.keys.lastOrNull()!!
}

// ===== core/result.kt =====
package salvo.core.result

fun<T> ok(value: T): T {
    return value
}

fun<T> err(value: T): T {
    return value
}

// ===== core/seq.kt =====
package salvo.core.seq

import salvo.*
import salvo.core.iterator.*
import salvo.core.list.*
import salvo.core.set.*
import salvo.core.sorted.*

@Suppress("UNCHECKED_CAST", "USELESS_CAST")
fun<It, T, U> map(it: It, f: (T) -> U, next: (It) -> Union2<T, Finished>): MutableList<U> {
    val out = mutableListOf<U>()
    while (true) {
        val __loop1_step = next(it)
        if (__loop1_step !is U2_1<*, *>) { break }
        val x = __loop1_step.value as T
        out.add(f(x))
    }
    return out
}

@Suppress("UNCHECKED_CAST", "USELESS_CAST")
fun<It, T> filter(it: It, keep: (T) -> Boolean, next: (It) -> Union2<T, Finished>): MutableList<T> {
    val out = mutableListOf<T>()
    while (true) {
        val __loop2_step = next(it)
        if (__loop2_step !is U2_1<*, *>) { break }
        val x = __loop2_step.value as T
        if (keep(x)) {
            out.add(x)
        }
    }
    return out
}

@Suppress("UNCHECKED_CAST", "USELESS_CAST")
fun<It, T, A> reduce(it: It, init: A, f: (A, T) -> A, next: (It) -> Union2<T, Finished>): A {
    var acc = init
    while (true) {
        val __loop3_step = next(it)
        if (__loop3_step !is U2_1<*, *>) { break }
        val x = __loop3_step.value as T
        acc = f(acc, x)
    }
    return acc
}

@Suppress("UNCHECKED_CAST", "USELESS_CAST")
fun<D, It, T, U> map_to(dest: D, it: It, f: (T) -> U, add: (D, U) -> Unit, next: (It) -> Union2<T, Finished>): D {
    while (true) {
        val __loop4_step = next(it)
        if (__loop4_step !is U2_1<*, *>) { break }
        val x = __loop4_step.value as T
        add(dest, f(x))
    }
    return dest
}

@Suppress("UNCHECKED_CAST", "USELESS_CAST")
fun<D, It, T> filter_to(dest: D, it: It, keep: (T) -> Boolean, add: (D, T) -> Unit, copy: (T) -> T, next: (It) -> Union2<T, Finished>): D {
    while (true) {
        val __loop5_step = next(it)
        if (__loop5_step !is U2_1<*, *>) { break }
        val x = __loop5_step.value as T
        if (keep(x)) {
            add(dest, copy(x))
        }
    }
    return dest
}

fun<T> drop(value: T) {
}

// ===== core/set.kt =====
package salvo.core.set

import salvo.*
import salvo.core.iterator.*
import salvo.core.list.*
import salvo.core.nonempty.*
import salvo.core.sorted.*
import salvo.core.string.*

fun<T> iter__4(set: Set<T>): SetYield<T> {
    return SetYield(items = set.toMutableList(), at = 0)
}

data class SetYield<T>(
    var items: List<T>,
    var at: Int,
)

fun<T> next__5(p: SetYield<T>): Union2<T, Finished> {
    val elem = p.items.getOrNull(p.at)
    if (elem == null) {
        return U2_2<T, Finished>(finished())
    }
    p.at = p.at + 1
    return U2_1<T, Finished>(emitted(elem))
}

// ===== core/sorted.kt =====
package salvo.core.sorted

import salvo.core.list.*
import salvo.core.map.*
import salvo.core.seq.*
import salvo.core.set.*
import salvo.core.string.*

fun<T> iter__5(set: java.util.SortedSet<T>): SetYield<T> {
    return SetYield(items = set.toMutableList(), at = 0)
}

fun<K, V> iter__6(map: java.util.SortedMap<K, V>): MapKeyYield<K> {
    return MapKeyYield(items = map.keys.toMutableList(), at = 0)
}

// ===== core/string.kt =====
package salvo.core.string

import salvo.*
import salvo.core.iterator.*
import salvo.core.list.*

fun iter__7(str: String): StrYield {
    return StrYield(text = str, at = 0)
}

data class StrYield(
    var text: String,
    var at: Int,
)

fun next__6(p: StrYield): Union2<Char, Finished> {
    val chr = p.text.getOrNull(p.at)
    if (chr == null) {
        return U2_2<Char, Finished>(finished())
    }
    p.at = p.at + 1
    return U2_1<Char, Finished>(emitted(chr))
}

// ===== main.kt =====
package salvo.main

import salvo.*
import salvo.core.console.*
import salvo.core.result.*
import salvo.core.string.*

fun parse_age(input: Int): Union2<Int, String> {
    if (input >= 0) {
        return U2_1<Int, String>(ok(input))
    }
    return U2_2<Int, String>(err("negative age"))
}

@Suppress("UNCHECKED_CAST", "USELESS_CAST")
fun describe(result: Union2<Int, String>): String {
    val msg = when (result) {
        is U2_1<*, *> -> {
            "age ${(result.value as Int)}"
        }
        is U2_2<*, *> -> {
            "error: ${(result.value as String)}"
        }
    }
    return msg
}

@Suppress("UNCHECKED_CAST", "USELESS_CAST")
fun main() {
    val console: Console = StdOutConsole()
    val good = parse_age(36)
    println(console, describe(good))
    val bad = parse_age(-1)
    println(console, describe(bad))
    val precise: Union3<String, String, Boolean> = U3_1<String, String, Boolean>(ok("yes"))
    if (precise is U3_2<*, *, *>) {
        println(console, "err str: ${(precise.value as String)}")
    } else if (precise is U3_1<*, *, *>) {
        println(console, "ok: ${(precise.value as String)}")
    } else {
        println(console, "err bool: ${(precise.value as Boolean)}")
    }
    val value = when (good) {
        is U2_1<*, *> -> {
            (good.value as Int)
        }
        is U2_2<*, *> -> {
            return
        }
    }
    println(console, "value plus one is ${value + 1}")
}

// ===== unions.kt =====
// Generated by the Salvo compiler: sealed wrappers for union types.
package salvo

sealed interface Union2<out T1, out T2> {
    val value: Any?
}
data class U2_1<out T1, out T2>(override val value: T1) : Union2<T1, T2>
data class U2_2<out T1, out T2>(override val value: T2) : Union2<T1, T2>

sealed interface Union3<out T1, out T2, out T3> {
    val value: Any?
}
data class U3_1<out T1, out T2, out T3>(override val value: T1) : Union3<T1, T2, T3>
data class U3_2<out T1, out T2, out T3>(override val value: T2) : Union3<T1, T2, T3>
data class U3_3<out T1, out T2, out T3>(override val value: T3) : Union3<T1, T2, T3>
