---
source: crates/salvo-backend-kotlin/tests/codegen_tests.rs
expression: combined
---
// ===== core/checked.kt =====
package salvo.core.checked

data class Checked<T>(
    val value: T,
)

class __Codec_Checked<T>(private val __c_T: salvo.WireCodec<T>) : salvo.WireCodec<Checked<T>> {
    override fun enc(v: Checked<T>, out: salvo.WireOut) {
        __c_T.enc(v.value, out)
    }
    override fun dec(inp: salvo.WireIn): Checked<T> = Checked(__c_T.dec(inp))
}

fun<T> checked(value: T): Checked<T> {
    return Checked(value = value)
}

fun<T> ignore(checked: Checked<T>) {
    (checked).let {}
}

fun<T> detach(checked: Checked<T>): T {
    return checked.value
}

// ===== core/console.kt =====
package salvo.core.console

import salvo.core.string.*

interface Console {
    fun print(message: String)
}

class __Mon_Console(
    private val inner: Console,
    private val lock: java.util.concurrent.locks.ReentrantLock = java.util.concurrent.locks.ReentrantLock(),
) : Console {
    override fun print(message: String) {
        check(!lock.isHeldByCurrentThread) { "salvo: a handler's lock was entered again through its own handle, which on Rust would deadlock [monitor-handler]" }
        lock.lock()
        try { inner.print(message) } finally { lock.unlock() }
    }
}

class StdOutConsole : Console {
    override fun print(message: String) {
        kotlin.io.print(message)
    }
}

fun println(console: Console, message: String) {
    console.print(message)
    console.print("\n")
}

// ===== core/iterator.kt =====
package salvo.core.iterator

class Finished

object __Codec_Finished : salvo.WireCodec<Finished> {
    override fun enc(v: Finished, out: salvo.WireOut) {
    }
    override fun dec(inp: salvo.WireIn): Finished = Finished()
}

fun<T> emitted(value: T): T {
    return value
}

fun finished(): Finished {
    return Finished()
}

// ===== core/list.kt =====
package salvo.core.list

import salvo.*
import salvo.core.checked.*
import salvo.core.iterator.*
import salvo.core.map.*
import salvo.core.set.*
import salvo.core.sorted.*
import salvo.core.string.*

fun<T> Idx_qualifies(index: Int, list: List<T>): Boolean {
    return index >= 0 && index < list.size
}

fun NotEq_qualifies(j: Int, i: Int): Boolean {
    return j != i
}

fun<T> get(list: List<T>, index: Int): T {
    return (list.getOrNull(index + 0) ?: throw AssertionError("salvo: value is absent at core.list:90:12"))
}

fun<T> swap(list: MutableList<T>, i: Int, j: Int) {
    ignore(Checked((list).let { __l -> (i + 0).let { __i -> (j + 0).let { __j -> if (__i >= 0 && __i < __l.size && __j >= 0 && __j < __l.size) { val __t = __l[__i]; __l[__i] = __l[__j]; __l[__j] = __t; true } else false } } }))
    return
}

fun<T> at(list: List<T>, index: Int): T? {
    return list.getOrNull(index)
}

fun<T> update(list: List<T>, index: Int, f: (T) -> Unit) {
    f(get(list, index))
    return
}

fun<T> update2(list: List<T>, i: Int, j: Int, f: (T, T) -> Unit) {
    f(get(list, i), get(list, j))
    return
}

fun<T> NonEmpty_qualifies(list: List<T>): Boolean {
    return list.size > 0
}

fun<T> first(list: List<T>): T {
    return (list.getOrNull(0) ?: throw AssertionError("salvo: value is absent at core.list:273:12"))
}

fun<T> last(list: List<T>): T? {
    return list.getOrNull(list.size - 1)
}

fun<T> isEmpty(list: List<T>): Boolean {
    return list.size == 0
}

fun<T> removeFront(list: MutableList<T>, n: Int): MutableList<T> {
    return (list).let { __l -> val __f = (0).coerceIn(0, __l.size); val __t = (n).coerceIn(__f, __l.size); val __r = __l.subList(__f, __t).toMutableList(); __l.subList(__f, __t).clear(); __r }
}

fun<T> removeBack(list: MutableList<T>, n: Int): MutableList<T> {
    var at = list.size - n
    if (at < 0) {
        at = 0
    }
    return (list).let { __l -> val __f = (at).coerceIn(0, __l.size); val __t = (list.size).coerceIn(__f, __l.size); val __r = __l.subList(__f, __t).toMutableList(); __l.subList(__f, __t).clear(); __r }
}

fun<T> removeFrontWhile(list: MutableList<T>, keep: (T) -> Boolean): MutableList<T> {
    var n = 0
    while (n < list.size && keep((list.getOrNull(n) ?: throw AssertionError("salvo: value is absent at core.list:316:34")))) {
        n = n + 1
    }
    return (list).let { __l -> val __f = (0).coerceIn(0, __l.size); val __t = (n).coerceIn(__f, __l.size); val __r = __l.subList(__f, __t).toMutableList(); __l.subList(__f, __t).clear(); __r }
}

fun<T> removeBackWhile(list: MutableList<T>, keep: (T) -> Boolean): MutableList<T> {
    var at = list.size
    while (at > 0 && keep((list.getOrNull(at - 1) ?: throw AssertionError("salvo: value is absent at core.list:328:26")))) {
        at = at - 1
    }
    return (list).let { __l -> val __f = (at).coerceIn(0, __l.size); val __t = (list.size).coerceIn(__f, __l.size); val __r = __l.subList(__f, __t).toMutableList(); __l.subList(__f, __t).clear(); __r }
}

fun<T> subList(list: List<T>, from: Int, to: Int, copy: (T) -> T): MutableList<T> {
    val out = mutableListOf<T>()
    var i = from
    if (i < 0) {
        i = 0
    }
    while (i < to && i < list.size) {
        out.add(copy((list.getOrNull(i) ?: throw AssertionError("salvo: value is absent at core.list:346:23"))))
        i = i + 1
    }
    return out
}

fun<T> findFirst(list: List<T>, pick: (T) -> Boolean): Int? {
    var i = 0
    while (i < list.size) {
        if (pick((list.getOrNull(i) ?: throw AssertionError("salvo: value is absent at core.list:356:17")))) {
            return i
        }
        i = i + 1
    }
    return null
}

fun<T> findLast(list: List<T>, pick: (T) -> Boolean): Int? {
    var i = list.size - 1
    while (i >= 0) {
        if (pick((list.getOrNull(i) ?: throw AssertionError("salvo: value is absent at core.list:368:17")))) {
            return i
        }
        i = i - 1
    }
    return null
}

fun<T> indexOf(list: List<T>, elem: T, eq: (T, T) -> Boolean): Int? {
    var i = 0
    while (i < list.size) {
        if (eq((list.getOrNull(i) ?: throw AssertionError("salvo: value is absent at core.list:380:15")), elem)) {
            return i
        }
        i = i + 1
    }
    return null
}

fun<T> lastIndexOf(list: List<T>, elem: T, eq: (T, T) -> Boolean): Int? {
    var i = list.size - 1
    while (i >= 0) {
        if (eq((list.getOrNull(i) ?: throw AssertionError("salvo: value is absent at core.list:392:15")), elem)) {
            return i
        }
        i = i - 1
    }
    return null
}

fun<T> contains(list: List<T>, elem: T, eq: (T, T) -> Boolean): Boolean {
    var i = 0
    while (i < list.size) {
        if (eq((list.getOrNull(i) ?: throw AssertionError("salvo: value is absent at core.list:404:15")), elem)) {
            return true
        }
        i = i + 1
    }
    return false
}

fun<T> any(list: List<T>, pick: (T) -> Boolean): Boolean {
    return !(findFirst(list, pick) == null)
}

fun<T> all(list: List<T>, pick: (T) -> Boolean): Boolean {
    var i = 0
    while (i < list.size) {
        if (!pick((list.getOrNull(i) ?: throw AssertionError("salvo: value is absent at core.list:421:18")))) {
            return false
        }
        i = i + 1
    }
    return true
}

fun<T> count(list: List<T>, pick: (T) -> Boolean): Int {
    var n = 0
    var i = 0
    while (i < list.size) {
        if (pick((list.getOrNull(i) ?: throw AssertionError("salvo: value is absent at core.list:434:17")))) {
            n = n + 1
        }
        i = i + 1
    }
    return n
}

fun<T> partition(list: List<T>, pick: (T) -> Boolean, copy: (T) -> T): Pair<MutableList<T>, MutableList<T>> {
    val yes = mutableListOf<T>()
    val no = mutableListOf<T>()
    var i = 0
    while (i < list.size) {
        val x = (list.getOrNull(i) ?: throw AssertionError("salvo: value is absent at core.list:451:17"))
        if (pick(x)) {
            yes.add(copy(x))
        } else {
            no.add(copy(x))
        }
        i = i + 1
    }
    return Pair(yes, no)
}

fun<T> reverse(list: MutableList<T>) {
    var i = 0
    var j = list.size - 1
    while (i < j) {
        ignore(Checked((list).let { __l -> (i).let { __i -> (j).let { __j -> if (__i >= 0 && __i < __l.size && __j >= 0 && __j < __l.size) { val __t = __l[__i]; __l[__i] = __l[__j]; __l[__j] = __t; true } else false } } }))
        i = i + 1
        j = j - 1
    }
}

fun<T> iter__4(list: List<T>): ListYield<T> {
    return ListYield(items = list, at = 0)
}

data class ListYield<T>(
    var items: List<T>,
    var at: Int,
)

fun<T> next__5(p: ListYield<T>): Union2<T, Finished> {
    val elem = p.items.getOrNull(p.at)
    if (elem == null) {
        return Union2.U2<T, Finished>(finished())
    }
    p.at = p.at + 1
    return Union2.U1<T, Finished>(emitted(elem))
}

data class __Iter_reversed_List<T>(
    var list: List<T>,
    var at: Int,
)

fun<T> reversed__2(list: List<T>): __Iter_reversed_List<T> {
    return __Iter_reversed_List(list = list, at = list.size - 1)
}

fun<T> next__6(__p: __Iter_reversed_List<T>): Union2<T, Finished> {
    val elem = __p.list.getOrNull(__p.at)
    if (elem == null) {
        return Union2.U2<T, Finished>(finished())
    }
    __p.at = __p.at - 1
    return Union2.U1<T, Finished>(emitted(elem))
}

data class __Iter_indices_List<T>(
    var list: List<T>,
    var at: Int,
)

fun<T> indices(list: List<T>): __Iter_indices_List<T> {
    return __Iter_indices_List(list = list, at = 0)
}

fun<T> next__7(__p: __Iter_indices_List<T>): Union2<Int, Finished> {
    if (__p.at >= __p.list.size) {
        return Union2.U2<Int, Finished>(finished())
    }
    val index = __p.at
    __p.at = __p.at + 1
    return Union2.U1<Int, Finished>(emitted(index))
}

data class __Iter_rev_indices_List<T>(
    var list: List<T>,
    var at: Int,
)

fun<T> revIndices(list: List<T>): __Iter_rev_indices_List<T> {
    return __Iter_rev_indices_List(list = list, at = list.size - 1)
}

fun<T> next__8(__p: __Iter_rev_indices_List<T>): Union2<Int, Finished> {
    if (__p.at < 0) {
        return Union2.U2<Int, Finished>(finished())
    }
    val index = __p.at
    __p.at = __p.at - 1
    return Union2.U1<Int, Finished>(emitted(index))
}

data class Enumerated<T>(
    val index: Int,
    val elem: T,
)

data class __Iter_enumerate_List<T>(
    var list: List<T>,
    var at: Int,
)

fun<T> enumerate(list: List<T>): __Iter_enumerate_List<T> {
    return __Iter_enumerate_List(list = list, at = 0)
}

fun<T> next__9(__p: __Iter_enumerate_List<T>): Union2<Enumerated<T>, Finished> {
    val elem = __p.list.getOrNull(__p.at)
    if (elem == null) {
        return Union2.U2<Enumerated<T>, Finished>(finished())
    }
    val index = __p.at
    __p.at = __p.at + 1
    return Union2.U1<Enumerated<T>, Finished>(emitted(Enumerated(index = index, elem = elem)))
}

data class __Iter_enumerate_rev_List<T>(
    var list: List<T>,
    var at: Int,
)

fun<T> enumerateRev(list: List<T>): __Iter_enumerate_rev_List<T> {
    return __Iter_enumerate_rev_List(list = list, at = list.size - 1)
}

fun<T> next__10(__p: __Iter_enumerate_rev_List<T>): Union2<Enumerated<T>, Finished> {
    val elem = __p.list.getOrNull(__p.at)
    if (elem == null) {
        return Union2.U2<Enumerated<T>, Finished>(finished())
    }
    val index = __p.at
    __p.at = __p.at - 1
    return Union2.U1<Enumerated<T>, Finished>(emitted(Enumerated(index = index, elem = elem)))
}

fun<T> sort(list: List<T>, cmp: (T, T) -> Int): List<T> {
    return (list).let { __l -> (cmp).let { __c -> __l.sortedWith(Comparator { __a, __b -> __c(__a, __b) }).toMutableList() } }
}

fun<T> mutSort(list: List<T>, cmp: (T, T) -> Int): MutableList<T> {
    return (list).let { __l -> (cmp).let { __c -> __l.sortedWith(Comparator { __a, __b -> __c(__a, __b) }).toMutableList() } }
}

fun<T> addSorted(list: MutableList<T>, elem: T, cmp: (T, T) -> Int) {
    (list).let { __l -> (elem).let { __e -> (cmp).let { __c -> __l.add(__l.indexOfFirst { __c(it, __e) >= 0 }.let { if (it < 0) __l.size else it }, __e) } } }
}

fun<T> binarySearch(list: List<T>, elem: T, cmp: (T, T) -> Int): Int? {
    return (list).let { __l -> (elem).let { __e -> (cmp).let { __c -> __l.indexOfFirst { __c(it, __e) >= 0 }.let { if (it >= 0 && __c(__l[it], __e) == 0) it else null } } } }
}

// ===== core/map.kt =====
package salvo.core.map

import salvo.*
import salvo.core.iterator.*
import salvo.core.list.*
import salvo.core.set.*
import salvo.core.sorted.*
import salvo.core.string.*

fun<K, V> KeyOf_qualifies(key: K, map: Map<K, V>): Boolean {
    return map.containsKey(key)
}

fun<K, V> get__2(map: Map<K, V>, key: K): V {
    return map[key]!!
}

fun<K, V> iter__5(map: Map<K, V>): MapKeyYield<K> {
    return MapKeyYield(items = map.keys.toMutableList(), at = 0)
}

data class MapKeyYield<K>(
    var items: List<K>,
    var at: Int,
)

class __Codec_MapKeyYield<K>(private val __c_K: salvo.WireCodec<K>) : salvo.WireCodec<MapKeyYield<K>> {
    override fun enc(v: MapKeyYield<K>, out: salvo.WireOut) {
        salvo.ListCodec(__c_K).enc(v.items, out)
        salvo.IntCodec.enc(v.at, out)
    }
    override fun dec(inp: salvo.WireIn): MapKeyYield<K> = MapKeyYield(salvo.ListCodec(__c_K).dec(inp), salvo.IntCodec.dec(inp))
}

fun<K> next__11(p: MapKeyYield<K>): Union2<K, Finished> {
    val key = p.items.getOrNull(p.at)
    if (key == null) {
        return Union2.U2<K, Finished>(finished())
    }
    p.at = p.at + 1
    return Union2.U1<K, Finished>(emitted(key))
}

fun<K, V> NonEmpty_qualifies(map: Map<K, V>): Boolean {
    return map.size > 0
}

// ===== core/result.kt =====
package salvo.core.result

fun<T> ok(value: T): T {
    return value
}

fun<T> err(value: T): T {
    return value
}

// ===== core/set.kt =====
package salvo.core.set

import salvo.*
import salvo.core.iterator.*
import salvo.core.list.*
import salvo.core.map.*
import salvo.core.sorted.*
import salvo.core.string.*

fun<T> iter__6(set: Set<T>): SetYield<T> {
    return SetYield(items = set.toMutableList(), at = 0)
}

data class SetYield<T>(
    var items: List<T>,
    var at: Int,
)

class __Codec_SetYield<T>(private val __c_T: salvo.WireCodec<T>) : salvo.WireCodec<SetYield<T>> {
    override fun enc(v: SetYield<T>, out: salvo.WireOut) {
        salvo.ListCodec(__c_T).enc(v.items, out)
        salvo.IntCodec.enc(v.at, out)
    }
    override fun dec(inp: salvo.WireIn): SetYield<T> = SetYield(salvo.ListCodec(__c_T).dec(inp), salvo.IntCodec.dec(inp))
}

fun<T> next__19(p: SetYield<T>): Union2<T, Finished> {
    val elem = p.items.getOrNull(p.at)
    if (elem == null) {
        return Union2.U2<T, Finished>(finished())
    }
    p.at = p.at + 1
    return Union2.U1<T, Finished>(emitted(elem))
}

fun<T> NonEmpty_qualifies(set: Set<T>): Boolean {
    return set.size > 0
}

// ===== core/sorted.kt =====
package salvo.core.sorted

import salvo.core.list.*
import salvo.core.map.*
import salvo.core.set.*
import salvo.core.string.*

fun<T> iter__7(set: java.util.SortedSet<T>): SetYield<T> {
    return SetYield(items = set.toMutableList(), at = 0)
}

fun<K, V> iter__8(map: java.util.SortedMap<K, V>): MapKeyYield<K> {
    return MapKeyYield(items = map.keys.toMutableList(), at = 0)
}

fun<T> NonEmpty_qualifies(set: java.util.SortedSet<T>): Boolean {
    return set.size > 0
}

fun<K, V> NonEmpty_qualifies(map: java.util.SortedMap<K, V>): Boolean {
    return map.size > 0
}

fun<T> min(set: java.util.SortedSet<T>): T {
    return (set.firstOrNull() ?: throw AssertionError("salvo: value is absent at core.sorted:160:12"))
}

fun<T> max(set: java.util.SortedSet<T>): T {
    return (set.lastOrNull() ?: throw AssertionError("salvo: value is absent at core.sorted:164:12"))
}

fun<K, V> firstKey(map: java.util.SortedMap<K, V>): K {
    return (map.keys.firstOrNull() ?: throw AssertionError("salvo: value is absent at core.sorted:168:12"))
}

fun<K, V> lastKey(map: java.util.SortedMap<K, V>): K {
    return (map.keys.lastOrNull() ?: throw AssertionError("salvo: value is absent at core.sorted:172:12"))
}

// ===== core/string.kt =====
package salvo.core.string

import salvo.*
import salvo.core.iterator.*
import salvo.core.list.*
import salvo.core.map.*
import salvo.core.set.*
import salvo.core.sorted.*

fun iter__9(str: String): StrYield {
    return StrYield(text = str, at = 0)
}

data class StrYield(
    var text: String,
    var at: Int,
)

fun next__20(p: StrYield): Union2<Char, Finished> {
    val chr = p.text.getOrNull(p.at)
    if (chr == null) {
        return Union2.U2<Char, Finished>(finished())
    }
    p.at = p.at + 1
    return Union2.U1<Char, Finished>(emitted(chr))
}

data class Span(
    val start: Int,
    val end: Int,
)

object __Codec_Span : salvo.WireCodec<Span> {
    override fun enc(v: Span, out: salvo.WireOut) {
        salvo.IntCodec.enc(v.start, out)
        salvo.IntCodec.enc(v.end, out)
    }
    override fun dec(inp: salvo.WireIn): Span = Span(salvo.IntCodec.dec(inp), salvo.IntCodec.dec(inp))
}

fun SpanOf_qualifies(span: Span, str: String): Boolean {
    return span.start >= 0 && span.start <= span.end && span.end <= str.length
}

fun substr(str: String, at: Span): String {
    return (run { val __s = str; val __i = at.start; val __j = at.end; if (__i >= 0 && __j >= __i && __j <= __s.length) __s.substring(__i, __j) else null } ?: throw AssertionError("salvo: value is absent at core.string:134:12"))
}

fun isEmpty__2(str: String): Boolean {
    return str.length == 0
}

fun repeat(str: String, n: Int): String {
    val out = StringBuilder()
    var i = 0
    while (i < n) {
        out.append(str)
        i = i + 1
    }
    return out.toString()
}

fun lines(str: String): MutableList<String> {
    val parts = str.split("\n").toMutableList()
    if (parts.size > 1 && str.endsWith("\n")) {
        val _end = removeBack(parts, 1)
    }
    val out = mutableListOf<String>()
    for (p in parts) {
        out.add(p.removeSuffix("\r"))
    }
    return out
}

@Suppress("UNCHECKED_CAST", "USELESS_CAST", "UNNECESSARY_SAFE_CALL")
fun splitOnce(str: String, sep: String): Pair<String, String>? {
    val at = str.indexOf(sep).takeIf { it >= 0 }
    if (at != null) {
        val i = at as Int
        val before = (run { val __s = str; val __i = 0; val __j = i; if (__i >= 0 && __j >= __i && __j <= __s.length) __s.substring(__i, __j) else null } ?: "")
        val after = (run { val __s = str; val __i = i + sep.length; val __j = str.length; if (__i >= 0 && __j >= __i && __j <= __s.length) __s.substring(__i, __j) else null } ?: "")
        return Pair(before, after)
    }
    return null
}

@Suppress("UNCHECKED_CAST", "USELESS_CAST", "UNNECESSARY_SAFE_CALL")
fun splitLast(str: String, sep: String): Pair<String, String>? {
    val at = str.lastIndexOf(sep).takeIf { it >= 0 }
    if (at != null) {
        val i = at as Int
        val before = (run { val __s = str; val __i = 0; val __j = i; if (__i >= 0 && __j >= __i && __j <= __s.length) __s.substring(__i, __j) else null } ?: "")
        val after = (run { val __s = str; val __i = i + sep.length; val __j = str.length; if (__i >= 0 && __j >= __i && __j <= __s.length) __s.substring(__i, __j) else null } ?: "")
        return Pair(before, after)
    }
    return null
}

// ===== main.kt =====
package salvo.main

import salvo.*
import salvo.core.console.*
import salvo.core.result.*
import salvo.core.string.*

fun parseAge(input: Int): Union2<Int, String> {
    if (input >= 0) {
        return Union2.U1<Int, String>(ok(input))
    }
    return Union2.U2<Int, String>(err("negative age"))
}

@Suppress("UNCHECKED_CAST", "USELESS_CAST", "UNNECESSARY_SAFE_CALL")
fun describe(result: Union2<Int, String>): String {
    val msg = when (result) {
        is Union2.U1<*, *> -> {
            "age ${(result.value as Int)}"
        }
        is Union2.U2<*, *> -> {
            "error: ${(result.value as String)}"
        }
    }
    return msg
}

@Suppress("UNCHECKED_CAST", "USELESS_CAST", "UNNECESSARY_SAFE_CALL")
fun main() {
    val console: Console = StdOutConsole()
    val good = parseAge(36)
    println(console, describe(good))
    val bad = parseAge(-1)
    println(console, describe(bad))
    val precise: Union3<String, String, Boolean> = Union3.U1<String, String, Boolean>(ok("yes"))
    if (precise is Union3.U2<*, *, *>) {
        println(console, "err str: ${(precise.value as String)}")
    } else if (precise is Union3.U1<*, *, *>) {
        println(console, "ok: ${(precise.value as String)}")
    } else {
        println(console, "err bool: ${(precise.value as Boolean)}")
    }
    val value = when (good) {
        is Union2.U1<*, *> -> {
            (good.value as Int)
        }
        is Union2.U2<*, *> -> {
            return
        }
    }
    println(console, "value plus one is ${value + 1}")
}

// ===== unions.kt =====
// Generated by the Salvo compiler: sealed wrappers for union types.
package salvo

sealed interface Union2<out T1, out T2> {
    val value: Any?
    data class U1<out T1, out T2>(override val value: T1) : Union2<T1, T2>
    data class U2<out T1, out T2>(override val value: T2) : Union2<T1, T2>
}

class Union2Codec<T1, T2>(private val c1: WireCodec<T1>, private val c2: WireCodec<T2>) : WireCodec<Union2<T1, T2>> {
    override fun enc(v: Union2<T1, T2>, out: WireOut) {
        when (v) {
            is Union2.U1 -> { out.u8(0); c1.enc(v.value, out) }
            is Union2.U2 -> { out.u8(1); c2.enc(v.value, out) }
        }
    }
    override fun dec(inp: WireIn): Union2<T1, T2> = when (inp.u8()) {
            0 -> Union2.U1(c1.dec(inp))
            1 -> Union2.U2(c2.dec(inp))
            else -> throw WireError()
        }
}

sealed interface Union3<out T1, out T2, out T3> {
    val value: Any?
    data class U1<out T1, out T2, out T3>(override val value: T1) : Union3<T1, T2, T3>
    data class U2<out T1, out T2, out T3>(override val value: T2) : Union3<T1, T2, T3>
    data class U3<out T1, out T2, out T3>(override val value: T3) : Union3<T1, T2, T3>
}

class Union3Codec<T1, T2, T3>(private val c1: WireCodec<T1>, private val c2: WireCodec<T2>, private val c3: WireCodec<T3>) : WireCodec<Union3<T1, T2, T3>> {
    override fun enc(v: Union3<T1, T2, T3>, out: WireOut) {
        when (v) {
            is Union3.U1 -> { out.u8(0); c1.enc(v.value, out) }
            is Union3.U2 -> { out.u8(1); c2.enc(v.value, out) }
            is Union3.U3 -> { out.u8(2); c3.enc(v.value, out) }
        }
    }
    override fun dec(inp: WireIn): Union3<T1, T2, T3> = when (inp.u8()) {
            0 -> Union3.U1(c1.dec(inp))
            1 -> Union3.U2(c2.dec(inp))
            2 -> Union3.U3(c3.dec(inp))
            else -> throw WireError()
        }
}

// ===== bytes.kt =====
// Generated by the Salvo compiler: the `Bytes` buffer.
package salvo

/**
 * [kt-bytes] Salvo's `Bytes` and `Mut Bytes`, both of them: one class with
 * mutating methods, immutability enforced by the Salvo checker rather than by
 * the JVM type — the shape `SortedSet`/`SortedMap` already use, where `Mut`
 * needs no different type and dropping it renders nothing [str-drop-mut].
 *
 * Why a class at all, rather than `List<UByte>` or `UByteArray`:
 *
 *  * `List<UByte>` boxes every element (a value class has no box cache, so
 *    each byte is a fresh object) — the cost the `Bytes` type exists to
 *    remove.
 *  * `UByteArray` is fixed-size and, worse, is not a `List<T>`, so it cannot
 *    be passed to anything generic on an erased-generics backend. A buffer
 *    has to grow, so neither of the stdlib shapes fits.
 *
 * The storage is therefore a plain `ByteArray` plus a length, which is what a
 * growable byte buffer is on the JVM; the unsigned reading is applied at the
 * boundary, since Salvo's `Byte` is a `UByte` here [kt-byte-unsigned].
 *
 * `equals`/`hashCode` are **structural**, so `==` on two buffers means the
 * same thing it means on Rust's `Vec<u8>` [backend-parity] — the reason this
 * is a class and not a raw array, which would have compared by identity.
 */
class SalvoBytes {
    private var buf: ByteArray
    private var len: Int

    constructor() {
        buf = ByteArray(16)
        len = 0
    }

    /** A copy: `copy(bytes)` must not alias, since the buffer can be written. */
    constructor(other: SalvoBytes) {
        buf = other.buf.copyOf(other.len)
        len = other.len
    }

    /** Takes ownership of `bytes` — used by the host filesystem and by decoding. */
    constructor(bytes: ByteArray) {
        buf = bytes
        len = bytes.size
    }

    val size: Int get() = len

    fun getOrNull(index: Int): UByte? =
        if (index >= 0 && index < len) buf[index].toUByte() else null

    /** Out of range does nothing: growing here would make a `set` an `add`. */
    // [col-bounds] Answers whether it wrote: out of range the buffer is
    // untouched and the caller is told.
    fun setAt(index: Int, byte: UByte): Boolean {
        if (index < 0 || index >= len) return false
        buf[index] = byte.toByte()
        return true
    }

    fun add(byte: UByte) {
        ensure(len + 1)
        buf[len] = byte.toByte()
        len += 1
    }

    fun append(more: SalvoBytes) {
        ensure(len + more.len)
        System.arraycopy(more.buf, 0, buf, len, more.len)
        len += more.len
    }

    /** The host's fill: appends `count` bytes of `bytes`, answering how many. */
    fun appendArray(bytes: ByteArray, count: Int) {
        ensure(len + count)
        System.arraycopy(bytes, 0, buf, len, count)
        len += count
    }

    /** Keeps the room it had, which is what makes a buffer reusable. */
    fun clear() {
        len = 0
    }

    fun slice(start: Int, end: Int): SalvoBytes? =
        if (start >= 0 && end >= start && end <= len) SalvoBytes(buf.copyOfRange(start, end))
        else null

    fun indexOf(byte: UByte): Int? {
        val b = byte.toByte()
        for (i in 0 until len) {
            if (buf[i] == b) return i
        }
        return null
    }

    /** A defensive copy: the caller may keep it while this buffer moves on. */
    fun toByteArray(): ByteArray = buf.copyOf(len)

    /** Strict UTF-8: a malformed byte is `null`, never a replacement char. */
    fun asString(): String? =
        try {
            java.nio.charset.StandardCharsets.UTF_8.newDecoder()
                .onMalformedInput(java.nio.charset.CodingErrorAction.REPORT)
                .onUnmappableCharacter(java.nio.charset.CodingErrorAction.REPORT)
                .decode(java.nio.ByteBuffer.wrap(buf, 0, len))
                .toString()
        } catch (e: java.nio.charset.CharacterCodingException) {
            null
        }

    fun toHex(): String {
        val out = StringBuilder(len * 2)
        for (i in 0 until len) {
            val v = buf[i].toInt() and 0xFF
            out.append("0123456789abcdef"[v ushr 4])
            out.append("0123456789abcdef"[v and 0xF])
        }
        return out.toString()
    }

    /** `[0, 255, 200]` — the text a `List<Byte>` printed, kept deliberately. */
    override fun toString(): String {
        val out = StringBuilder()
        out.append("[")
        for (i in 0 until len) {
            if (i > 0) out.append(", ")
            out.append(buf[i].toInt() and 0xFF)
        }
        out.append("]")
        return out.toString()
    }

    override fun equals(other: Any?): Boolean {
        if (other !is SalvoBytes) return false
        if (len != other.len) return false
        for (i in 0 until len) {
            if (buf[i] != other.buf[i]) return false
        }
        return true
    }

    override fun hashCode(): Int {
        var h = 1
        for (i in 0 until len) {
            h = 31 * h + buf[i].toInt()
        }
        return h
    }

    /**
     * Native `for` support: `for b in data` is Kotlin's own loop
     * [kt-iter-native], as it is for a list or a string, so iterating a buffer
     * allocates no pass. The `BytesYield` pass in `core.bytes` is still what
     * the combinators (`map`, `filter`, `reduce`) drive.
     */
    operator fun iterator(): Iterator<UByte> = object : Iterator<UByte> {
        private var at = 0
        override fun hasNext(): Boolean = at < len
        override fun next(): UByte {
            val b = buf[at].toUByte()
            at += 1
            return b
        }
    }

    private fun ensure(need: Int) {
        if (need <= buf.size) return
        var cap = if (buf.size < 16) 16 else buf.size
        while (cap < need) cap *= 2
        buf = buf.copyOf(cap)
    }

    companion object {
        /**
         * An `Array<UByte>` rather than a `vararg UByte`: a vararg of an
         * unsigned type *is* a `UByteArray` under the hood, and that type
         * still needs an `@ExperimentalUnsignedTypes` opt-in — at the call
         * site, i.e. in generated code. A boxed array costs one allocation in
         * a constructor and needs no opt-in anywhere.
         */
        fun of(elems: Array<UByte>): SalvoBytes {
            val out = SalvoBytes()
            for (e in elems) out.add(e)
            return out
        }

        fun joined(vararg parts: SalvoBytes): SalvoBytes {
            val out = SalvoBytes()
            for (p in parts) out.append(p)
            return out
        }

        fun ofUtf8(text: String): SalvoBytes =
            SalvoBytes(text.toByteArray(Charsets.UTF_8))
    }
}

// ===== wire.kt =====
// Generated by the Salvo compiler: the wire — the canonical encoding's codecs
// [wire-format] [kt-wire].
//
// The other half of the encoding: the Kotlin runtime's codecs for every type the language defines without the
// program's help. Byte for byte what the Rust runtime's `wire.rs` produces
// and reads — the encoding is stated once, in `salvo-core`'s `wire.rs`, and
// implemented twice. Struct, union and message codecs are *generated* by the
// emitter beside their declarations as `__Codec_X` objects and classes.
//
// Kotlin has no type-directed trait dispatch for decoding, so a codec is a
// **value** (`WireCodec<T>`), composed for compound types: `ListCodec(IntCodec)`
// is the codec of `List<Int>`. The emitter renders that composition at each
// site from the checked type.
//
// Every integer is big-endian; every length is a `u32`; an optional is a
// presence byte; a union is a tag byte holding the arm's declared index.
// Decoding is total: a malformed input throws `WireError` inside and answers
// `null` from `salvoDecode`, which also refuses trailing bytes.
package salvo

import java.io.ByteArrayOutputStream

class WireError : Exception()

class WireOut {
    private val buf = ByteArrayOutputStream()

    fun u8(b: Int) {
        buf.write(b and 0xff)
    }

    fun i32(v: Int) {
        u8(v ushr 24); u8(v ushr 16); u8(v ushr 8); u8(v)
    }

    fun i64(v: Long) {
        i32((v ushr 32).toInt()); i32(v.toInt())
    }

    fun raw(bytes: ByteArray) {
        buf.write(bytes)
    }

    fun toBytes(): SalvoBytes = SalvoBytes(buf.toByteArray())
}

class WireIn(private val data: ByteArray) {
    private var pos = 0

    private fun take(n: Int): ByteArray {
        if (n < 0 || pos + n > data.size) throw WireError()
        val out = data.copyOfRange(pos, pos + n)
        pos += n
        return out
    }

    fun u8(): Int {
        if (pos >= data.size) throw WireError()
        return data[pos++].toInt() and 0xff
    }

    fun i32(): Int = (u8() shl 24) or (u8() shl 16) or (u8() shl 8) or u8()

    fun i64(): Long = (i32().toLong() shl 32) or (i32().toLong() and 0xffffffffL)

    /** A length prefix, bounded by what is left. */
    fun len(): Int {
        val n = i32()
        if (n < 0 || n > data.size - pos) throw WireError()
        return n
    }

    fun raw(n: Int): ByteArray = take(n)

    val done: Boolean get() = pos == data.size
}

interface WireCodec<T> {
    fun enc(v: T, out: WireOut)
    fun dec(inp: WireIn): T
}

/** `encode(value)`: the whole value, as one frame. */
fun <T> salvoEncode(v: T, c: WireCodec<T>): SalvoBytes {
    val out = WireOut()
    c.enc(v, out)
    return out.toBytes()
}

/** `decode<T>(bytes)`: `null` on a malformed input, including trailing bytes. */
fun <T> salvoDecode(b: SalvoBytes, c: WireCodec<T>): T? {
    val inp = WireIn(b.toByteArray())
    return try {
        val v = c.dec(inp)
        if (!inp.done) null else v
    } catch (e: WireError) {
        null
    }
}

/** [addr-routable] A decode whose failure is told apart from a decoded `null`. */
fun <T> salvoDecodeChecked(b: SalvoBytes, c: WireCodec<T>): Pair<Boolean, Any?> {
    val inp = WireIn(b.toByteArray())
    return try {
        val v = c.dec(inp)
        if (!inp.done) Pair(false, null) else Pair(true, v)
    } catch (e: WireError) {
        Pair(false, null)
    }
}

object BoolCodec : WireCodec<Boolean> {
    override fun enc(v: Boolean, out: WireOut) = out.u8(if (v) 1 else 0)
    override fun dec(inp: WireIn): Boolean = when (inp.u8()) {
        0 -> false
        1 -> true
        else -> throw WireError()
    }
}

object ByteCodec : WireCodec<UByte> {
    override fun enc(v: UByte, out: WireOut) = out.u8(v.toInt())
    override fun dec(inp: WireIn): UByte = inp.u8().toUByte()
}

object IntCodec : WireCodec<Int> {
    override fun enc(v: Int, out: WireOut) = out.i32(v)
    override fun dec(inp: WireIn): Int = inp.i32()
}

object LongCodec : WireCodec<Long> {
    override fun enc(v: Long, out: WireOut) = out.i64(v)
    override fun dec(inp: WireIn): Long = inp.i64()
}

object FloatCodec : WireCodec<Float> {
    override fun enc(v: Float, out: WireOut) = out.i32(v.toRawBits())
    override fun dec(inp: WireIn): Float = Float.fromBits(inp.i32())
}

object DoubleCodec : WireCodec<Double> {
    override fun enc(v: Double, out: WireOut) = out.i64(v.toRawBits())
    override fun dec(inp: WireIn): Double = Double.fromBits(inp.i64())
}

/** A `Char` is its code point: what Rust's `char` carries, on four bytes. */
object CharCodec : WireCodec<Char> {
    override fun enc(v: Char, out: WireOut) = out.i32(v.code)
    override fun dec(inp: WireIn): Char {
        val cp = inp.i32()
        if (cp < 0 || cp > 0xffff) throw WireError()
        return cp.toChar()
    }
}

object StrCodec : WireCodec<String> {
    override fun enc(v: String, out: WireOut) {
        val bytes = v.toByteArray(Charsets.UTF_8)
        out.i32(bytes.size)
        out.raw(bytes)
    }
    override fun dec(inp: WireIn): String {
        val n = inp.len()
        val bytes = inp.raw(n)
        // Strict: what Rust's `String::from_utf8` refuses, this refuses.
        val decoder = Charsets.UTF_8.newDecoder()
        return try {
            decoder.decode(java.nio.ByteBuffer.wrap(bytes)).toString()
        } catch (e: java.nio.charset.CharacterCodingException) {
            throw WireError()
        }
    }
}

/** A `Mut Str` is a `StringBuilder` on this backend; its bytes are a string's. */
object MutStrCodec : WireCodec<StringBuilder> {
    override fun enc(v: StringBuilder, out: WireOut) = StrCodec.enc(v.toString(), out)
    override fun dec(inp: WireIn): StringBuilder = StringBuilder(StrCodec.dec(inp))
}

object BytesCodec : WireCodec<SalvoBytes> {
    override fun enc(v: SalvoBytes, out: WireOut) {
        val bytes = v.toByteArray()
        out.i32(bytes.size)
        out.raw(bytes)
    }
    override fun dec(inp: WireIn): SalvoBytes = SalvoBytes(inp.raw(inp.len()))
}

/** `None` (the unit type) is nothing on the wire. */
object UnitCodec : WireCodec<Unit> {
    override fun enc(v: Unit, out: WireOut) {}
    override fun dec(inp: WireIn) = Unit
}

class ListCodec<T>(private val elem: WireCodec<T>) : WireCodec<List<T>> {
    override fun enc(v: List<T>, out: WireOut) {
        out.i32(v.size)
        for (e in v) elem.enc(e, out)
    }
    override fun dec(inp: WireIn): List<T> {
        val n = inp.len()
        val out = ArrayList<T>(n)
        for (i in 0 until n) out.add(elem.dec(inp))
        return out
    }
}

/** A `Mut List<T>` decodes to a mutable list; the bytes are a list's. */
class MutListCodec<T>(private val elem: WireCodec<T>) : WireCodec<MutableList<T>> {
    override fun enc(v: MutableList<T>, out: WireOut) {
        out.i32(v.size)
        for (e in v) elem.enc(e, out)
    }
    override fun dec(inp: WireIn): MutableList<T> {
        val n = inp.len()
        val out = ArrayList<T>(n)
        for (i in 0 until n) out.add(elem.dec(inp))
        return out
    }
}

/** An optional — `T?`, or a union with a `None` arm — is a presence byte. */
class OptCodec<T : Any>(private val inner: WireCodec<T>) : WireCodec<T?> {
    override fun enc(v: T?, out: WireOut) {
        if (v == null) {
            out.u8(0)
        } else {
            out.u8(1)
            inner.enc(v, out)
        }
    }
    override fun dec(inp: WireIn): T? = when (inp.u8()) {
        0 -> null
        1 -> inner.dec(inp)
        else -> throw WireError()
    }
}

class PairCodec<A, B>(private val a: WireCodec<A>, private val b: WireCodec<B>) : WireCodec<Pair<A, B>> {
    override fun enc(v: Pair<A, B>, out: WireOut) {
        a.enc(v.first, out); b.enc(v.second, out)
    }
    override fun dec(inp: WireIn): Pair<A, B> = Pair(a.dec(inp), b.dec(inp))
}

class TripleCodec<A, B, C>(
    private val a: WireCodec<A>,
    private val b: WireCodec<B>,
    private val c: WireCodec<C>,
) : WireCodec<Triple<A, B, C>> {
    override fun enc(v: Triple<A, B, C>, out: WireOut) {
        a.enc(v.first, out); b.enc(v.second, out); c.enc(v.third, out)
    }
    override fun dec(inp: WireIn): Triple<A, B, C> = Triple(a.dec(inp), b.dec(inp), c.dec(inp))
}

// ===== hosttime.kt =====
// Generated by the Salvo compiler: the two clock readings std's `time`
// module is built on [time-types] [kt-time].
//
// The mirror of the Rust backend's `time.rs`, answering the same numbers: a
// `Long` of nanoseconds in both cases, since `Instant`, `Tick` and `Duration`
// each carry exactly one.
package salvo

object SalvoTime {
    // [time-ticker] The monotonic clock, in nanoseconds from an arbitrary
    // origin. `System.nanoTime()` is documented as "some fixed but arbitrary
    // origin time", which is exactly the language's claim about a `Tick`: two
    // readings subtract into a real span, one on its own means nothing.
    //
    // Unlike the Rust side this needs no process-wide base, because the JVM's
    // reading is already a number on one timeline. The *origin* therefore
    // differs between the backends — as the language says it may — while
    // every `between` answers the same span.
    fun monoNanos(): Long = System.nanoTime()

    // [time-clock] The wall clock, in nanoseconds since the Unix epoch.
    // `java.time.Instant` carries seconds plus a nanosecond field, so this is
    // the precise reading rather than `currentTimeMillis()` scaled up.
    fun epochNanos(): Long {
        val now = java.time.Instant.now()
        return now.epochSecond * 1_000_000_000L + now.nano.toLong()
    }
}
