---
source: crates/salvo-ir/tests/golden_tests.rs
expression: text
---
module main

fn main::verdict(lent started: Tick, lent at: Tick, lent budget: Duration) -> Str {
  bind#1 let took: Duration = call time::between(Tick, Tick)(read started, read at)
  branch#2 cond#0 op Gt(call time::cmp(Duration, Duration)(read took, read budget), 0) {
    return concat("late by ", call time::to_str(call time::minus(Duration, Duration)(read took, read budget)))
  }
  return concat("in time, ", call time::to_str(call time::minus(Duration, Duration)(read budget, read took)), " to spare")
}

fn main::overdue(lent ticker: Ticker; lent started: Tick, lent budget: Duration) -> Bool {
  return op Gt(call time::cmp(Duration, Duration)(call time::elapsed(read ticker, read started), read budget), 0)
}

impl SteppingTicker(lent step: Duration) of Ticker stateful {
  state at: Long = 0L
  fn tick() -> Tick {
    assign at = op Add(read at, read step.nanos)
    return construct Tick { nanos: read at }
  }
}

actor interface Session {
  send fn open(moved started: Tick, moved budget: Duration, moved out: Reply<Str>) -> None
  send fn expire(moved started: Tick, moved budget: Duration, moved out: Reply<Str>, moved f: Fired) -> None
}

impl Sessions() of Session deps [Timer] stateful {
  mailbox construct Mailbox { capacity: 8 }
  fn open(lent started: Tick, lent budget: Duration, lent out: Reply<Str>) -> None {
    member time::Timer#0(read __dep0, call time::plus(Duration, Duration)(read budget, call time::seconds(1L)), replyto expire(read started, read budget, !read out))
  }
  fn expire(lent started: Tick, lent budget: Duration, lent out: Reply<Str>, lent f: Fired) -> None {
    call core.actor::send<Str>(!read out, call main::verdict(read started, read f.at, read budget))
  }
}

impl TestTicker(lent timer: Addr<Timer>) of Ticker {
  fn tick() -> Tick {
    bind#1 let fired: Fired = waitfor answer: Reply<Fired> {
      send time::Timer#0(read timer, call time::nanos(0L), !read answer)
    }
    return read fired.at
  }
}

actor interface Sleeper {
  send fn nap(moved wait: Duration, moved out: Reply<Str>) -> None
  send fn woke(moved started: Tick, moved out: Reply<Str>, moved f: Fired) -> None
}

impl Napping() of Sleeper deps [Timer, Ticker] stateful {
  mailbox construct Mailbox { capacity: 8 }
  fn nap(lent wait: Duration, lent out: Reply<Str>) -> None {
    member time::Timer#0(read __dep0, !read wait, replyto woke(member time::Ticker#0(read __dep1), !read out))
  }
  fn woke(lent started: Tick, lent out: Reply<Str>, lent f: Fired) -> None {
    call core.actor::send<Str>(!read out, concat("napped ", call time::to_str(call time::elapsed(read __dep1, read started))))
  }
}

fn main::main() -> None {
  bind#1 let __use~1: StdOutConsole = construct StdOutConsole { }
  bind#2 let __handle~2: Console = read __use~1
  bind#3 let budget: Duration = call time::millis(1500L)
  call core.console::println(read __handle~2, concat("budget ", call time::to_str(read budget), ", doubled ", call time::to_str(call time::times(read budget, 2L)), ", in millis ", call core.basic::to_str(Long)(call time::to_millis(read budget))))
  bind#4 let stamp: Instant = call time::epoch_milli(1700000000000L)
  call core.console::println(read __handle~2, concat("stamp ", call core.basic::to_str(Long)(call time::to_epoch_second(read stamp)), "s, a minute later ", call core.basic::to_str(Long)(call time::to_epoch_second(call time::plus(Instant, Duration)(read stamp, call time::minutes(1L)))), "s"))
  bind#5 let __use~3: DefaultClock = construct DefaultClock { }
  bind#6 let __handle~4: Clock = handle[Clock](read __use~3)
  bind#7 let __use~5: DefaultTicker = construct DefaultTicker { }
  bind#8 let __handle~6: Ticker = handle[Ticker](read __use~5)
  call core.console::println(read __handle~2, concat("wall clock is set: ", call core.basic::to_str(Bool)(op Gt(call core.compare::cmp(Long, Long)(call time::to_epoch_second(member time::Clock#0(read __handle~4)), 1600000000L), 0))))
  bind#9 let __use~7: SteppingTicker = construct SteppingTicker { step: call time::millis(500L) }
  bind#10 let __handle~8: Ticker = handle[Ticker](read __use~7)
  bind#11 let started: Tick = member time::Ticker#0(read __handle~8)
  call core.console::println(read __handle~2, concat("overdue after one more read: ", call core.basic::to_str(Bool)(call main::overdue(read __handle~8, read started, read budget))))
  call core.console::println(read __handle~2, concat("overdue after three: ", call core.basic::to_str(Bool)(call main::overdue(read __handle~8, read started, read budget)), " ", call core.basic::to_str(Bool)(call main::overdue(read __handle~8, read started, read budget)), " ", call core.basic::to_str(Bool)(call main::overdue(read __handle~8, read started, read budget))))
  call core.console::println(read __handle~2, call main::verdict(construct Tick { nanos: 0L }, construct Tick { nanos: 1000000000L }, read budget))
  call core.console::println(read __handle~2, call main::verdict(construct Tick { nanos: 0L }, construct Tick { nanos: 2000000000L }, read budget))
  bind#12 let p: Pool = call core.actor::pool(Int)(1)
  bind#13 let __destructured~9: (Addr<Timer>, Addr<TimerCtl>) = spawn[(Addr<Timer>, Addr<TimerCtl>)](construct ManualTime { }, on: read p) serves [Timer, TimerCtl]
  bind#14 let timer: Addr<Timer> = !read __destructured~9.0
  bind#15 let ctl: Addr<TimerCtl> = !read __destructured~9.1
  bind#16 let sessions: Addr<Session> = spawn[Addr<Session>](construct Sessions { __dep0: instance_at(read timer) }, on: read p) serves [Session]
  bind#17 let outcome: Str = waitfor answer: Reply<Str> {
    send main::Session#0(read sessions, construct Tick { nanos: 0L }, read budget, !read answer)
    waitfor settled: Reply<Idle> {
      call core.actor::on_idle(read p, !read settled)
    }
    send time::TimerCtl#0(read ctl, call time::millis(2500L))
  }
  call core.console::println(read __handle~2, concat("session: ", read outcome))
  bind#18 let sleeper: Addr<Sleeper> = spawn[Addr<Sleeper>](construct Napping { __dep0: instance_at(read timer), __dep1: handle[Ticker](construct TestTicker { timer: read timer }) }, on: call core.actor::thread()) serves [Sleeper]
  bind#19 let napped: Str = waitfor answer: Reply<Str> {
    send main::Sleeper#0(read sleeper, call time::seconds(2L), !read answer)
    waitfor settled: Reply<Idle> {
      call core.actor::on_idle(read p, !read settled)
    }
    send time::TimerCtl#0(read ctl, call time::seconds(2L))
  }
  call core.console::println(read __handle~2, read napped)
}

enum __Msg_Session [proto 7ed70285b7e6568c] {
  Open(started: Tick, budget: Duration, out: Reply<Str>)
  Expire(started: Tick, budget: Duration, out: Reply<Str>, f: Fired)
}

enum __Msg_Sleeper [proto 2385b53950dcbd9c] {
  Nap(wait: Duration, out: Reply<Str>)
  Woke(started: Tick, out: Reply<Str>, f: Fired)
}

enum __Cont_Sessions {
  Open(started: Tick, budget: Duration)
  Expire(started: Tick, budget: Duration, out: Reply<Str>)
}

enum __Cont_Napping {
  Nap(wait: Duration)
  Woke(started: Tick, out: Reply<Str>)
}

fn __dispatch_Sessions_Session(lent_mut __handler: Sessions, moved __msg: __Msg_Session) -> None {
  switch#1 read __msg {
    arm#0 (arm 0) {
      unpack#2 (started: Tick, budget: Duration, out: Reply<Str>) = __msg as variant 0
      handler_call main::Session#0(read __handler, !read started, !read budget, !read out)
    }
    arm#1 (arm 1) {
      unpack#3 (started: Tick, budget: Duration, out: Reply<Str>, f: Fired) = __msg as variant 1
      handler_call main::Session#1(read __handler, !read started, !read budget, !read out, !read f)
    }
  }
}

fn __dispatch_Napping_Sleeper(lent_mut __handler: Napping, moved __msg: __Msg_Sleeper) -> None {
  switch#1 read __msg {
    arm#0 (arm 0) {
      unpack#2 (wait: Duration, out: Reply<Str>) = __msg as variant 0
      handler_call main::Sleeper#0(read __handler, !read wait, !read out)
    }
    arm#1 (arm 1) {
      unpack#3 (started: Tick, out: Reply<Str>, f: Fired) = __msg as variant 1
      handler_call main::Sleeper#1(read __handler, !read started, !read out, !read f)
    }
  }
}
